Archive member included because of file (symbol)

c:/siliconlabs/simplicitystudio/v2/developer/toolchains/gnu_arm/4.8_2013q4/bin/../lib/gcc/arm-none-eabi/4.8.3/armv6-m\libgcc.a(_thumb1_case_uqi.o)
                              ./src/graphics.o (__gnu_thumb1_case_uqi)
c:/siliconlabs/simplicitystudio/v2/developer/toolchains/gnu_arm/4.8_2013q4/bin/../lib/gcc/arm-none-eabi/4.8.3/armv6-m\libgcc.a(_udivsi3.o)
                              ./src/graphics.o (__aeabi_uidiv)
c:/siliconlabs/simplicitystudio/v2/developer/toolchains/gnu_arm/4.8_2013q4/bin/../lib/gcc/arm-none-eabi/4.8.3/armv6-m\libgcc.a(_divsi3.o)
                              ./src/graphics.o (__aeabi_idiv)
c:/siliconlabs/simplicitystudio/v2/developer/toolchains/gnu_arm/4.8_2013q4/bin/../lib/gcc/arm-none-eabi/4.8.3/armv6-m\libgcc.a(_dvmd_tls.o)
                              c:/siliconlabs/simplicitystudio/v2/developer/toolchains/gnu_arm/4.8_2013q4/bin/../lib/gcc/arm-none-eabi/4.8.3/armv6-m\libgcc.a(_udivsi3.o) (__aeabi_idiv0)
c:/siliconlabs/simplicitystudio/v2/developer/toolchains/gnu_arm/4.8_2013q4/bin/../lib/gcc/arm-none-eabi/4.8.3/armv6-m\libgcc.a(_aeabi_uldivmod.o)
                              ./Drivers/rtcdriver.o (__aeabi_uldivmod)
c:/siliconlabs/simplicitystudio/v2/developer/toolchains/gnu_arm/4.8_2013q4/bin/../lib/gcc/arm-none-eabi/4.8.3/armv6-m\libgcc.a(_muldi3.o)
                              ./Drivers/rtcdriver.o (__aeabi_lmul)
c:/siliconlabs/simplicitystudio/v2/developer/toolchains/gnu_arm/4.8_2013q4/bin/../lib/gcc/arm-none-eabi/4.8.3/armv6-m\libgcc.a(bpabi.o)
                              c:/siliconlabs/simplicitystudio/v2/developer/toolchains/gnu_arm/4.8_2013q4/bin/../lib/gcc/arm-none-eabi/4.8.3/armv6-m\libgcc.a(_aeabi_uldivmod.o) (__gnu_uldivmod_helper)
c:/siliconlabs/simplicitystudio/v2/developer/toolchains/gnu_arm/4.8_2013q4/bin/../lib/gcc/arm-none-eabi/4.8.3/armv6-m\libgcc.a(_divdi3.o)
                              c:/siliconlabs/simplicitystudio/v2/developer/toolchains/gnu_arm/4.8_2013q4/bin/../lib/gcc/arm-none-eabi/4.8.3/armv6-m\libgcc.a(bpabi.o) (__divdi3)
c:/siliconlabs/simplicitystudio/v2/developer/toolchains/gnu_arm/4.8_2013q4/bin/../lib/gcc/arm-none-eabi/4.8.3/armv6-m\libgcc.a(_udivdi3.o)
                              c:/siliconlabs/simplicitystudio/v2/developer/toolchains/gnu_arm/4.8_2013q4/bin/../lib/gcc/arm-none-eabi/4.8.3/armv6-m\libgcc.a(bpabi.o) (__udivdi3)
c:/siliconlabs/simplicitystudio/v2/developer/toolchains/gnu_arm/4.8_2013q4/bin/../lib/gcc/arm-none-eabi/4.8.3/armv6-m\libgcc.a(_clzsi2.o)
                              c:/siliconlabs/simplicitystudio/v2/developer/toolchains/gnu_arm/4.8_2013q4/bin/../lib/gcc/arm-none-eabi/4.8.3/armv6-m\libgcc.a(_divdi3.o) (__clzsi2)
c:/siliconlabs/simplicitystudio/v2/developer/toolchains/gnu_arm/4.8_2013q4/bin/../lib/gcc/arm-none-eabi/4.8.3/../../../../arm-none-eabi/lib/armv6-m\libc_s.a(lib_a-exit.o)
                              c:/siliconlabs/simplicitystudio/v2/developer/toolchains/gnu_arm/4.8_2013q4/bin/../lib/gcc/arm-none-eabi/4.8.3/../../../../arm-none-eabi/lib/armv6-m/crt0.o (exit)
c:/siliconlabs/simplicitystudio/v2/developer/toolchains/gnu_arm/4.8_2013q4/bin/../lib/gcc/arm-none-eabi/4.8.3/../../../../arm-none-eabi/lib/armv6-m\libc_s.a(lib_a-impure.o)
                              c:/siliconlabs/simplicitystudio/v2/developer/toolchains/gnu_arm/4.8_2013q4/bin/../lib/gcc/arm-none-eabi/4.8.3/../../../../arm-none-eabi/lib/armv6-m\libc_s.a(lib_a-exit.o) (_global_impure_ptr)
c:/siliconlabs/simplicitystudio/v2/developer/toolchains/gnu_arm/4.8_2013q4/bin/../lib/gcc/arm-none-eabi/4.8.3/../../../../arm-none-eabi/lib/armv6-m\libc_s.a(lib_a-init.o)
                              c:/siliconlabs/simplicitystudio/v2/developer/toolchains/gnu_arm/4.8_2013q4/bin/../lib/gcc/arm-none-eabi/4.8.3/../../../../arm-none-eabi/lib/armv6-m/crt0.o (__libc_init_array)
c:/siliconlabs/simplicitystudio/v2/developer/toolchains/gnu_arm/4.8_2013q4/bin/../lib/gcc/arm-none-eabi/4.8.3/../../../../arm-none-eabi/lib/armv6-m\libc_s.a(lib_a-memcpy-stub.o)
                              ./Graphics/dmd_display.o (memcpy)
c:/siliconlabs/simplicitystudio/v2/developer/toolchains/gnu_arm/4.8_2013q4/bin/../lib/gcc/arm-none-eabi/4.8.3/../../../../arm-none-eabi/lib/armv6-m\libc_s.a(lib_a-memset.o)
                              c:/siliconlabs/simplicitystudio/v2/developer/toolchains/gnu_arm/4.8_2013q4/bin/../lib/gcc/arm-none-eabi/4.8.3/../../../../arm-none-eabi/lib/armv6-m/crt0.o (memset)
c:/siliconlabs/simplicitystudio/v2/developer/toolchains/gnu_arm/4.8_2013q4/bin/../lib/gcc/arm-none-eabi/4.8.3/../../../../arm-none-eabi/lib/armv6-m\libc_s.a(lib_a-strlen.o)
                              ./src/graphics.o (strlen)
c:/siliconlabs/simplicitystudio/v2/developer/toolchains/gnu_arm/4.8_2013q4/bin/../lib/gcc/arm-none-eabi/4.8.3/../../../../arm-none-eabi/lib/armv6-m\libnosys.a(_exit.o)
[...]
Memory Configuration

Name             Origin             Length             Attributes
FLASH            0x00000000         0x00008000         xr
RAM              0x20000000         0x00001000         xrw
*default*        0x00000000         0xffffffff

Linker script and memory map

LOAD c:/siliconlabs/simplicitystudio/v2/developer/toolchains/gnu_arm/4.8_2013q4/bin/../lib/gcc/arm-none-eabi/4.8.3/armv6-m/crti.o
LOAD c:/siliconlabs/simplicitystudio/v2/developer/toolchains/gnu_arm/4.8_2013q4/bin/../lib/gcc/arm-none-eabi/4.8.3/armv6-m/crtbegin.o
LOAD c:/siliconlabs/simplicitystudio/v2/developer/toolchains/gnu_arm/4.8_2013q4/bin/../lib/gcc/arm-none-eabi/4.8.3/../../../../arm-none-eabi/lib/armv6-m/crt0.o
LOAD ./src/background.o
LOAD ./src/graphics.o
LOAD ./src/weatherstation.o
LOAD ./emlib/em_adc.o
LOAD ./emlib/em_assert.o
LOAD ./emlib/em_cmu.o
LOAD ./emlib/em_emu.o
LOAD ./emlib/em_gpio.o
LOAD ./emlib/em_i2c.o
LOAD ./emlib/em_int.o
LOAD ./emlib/em_leuart.o
LOAD ./emlib/em_rtc.o
LOAD ./emlib/em_usart.o
LOAD ./Graphics/dmd_display.o
LOAD ./Graphics/glib.o
LOAD ./Graphics/glib_bitmap.o
LOAD ./Graphics/glib_circle.o
LOAD ./Graphics/glib_font_normal_8x8.o
LOAD ./Graphics/glib_line.o
LOAD ./Graphics/glib_rectangle.o
LOAD ./Graphics/glib_string.o
LOAD ./Drivers/display.o
LOAD ./Drivers/displayls013b7dh03.o
LOAD ./Drivers/displaypalemlib.o
LOAD ./Drivers/i2cdrv.o
LOAD ./Drivers/rtcdriver.o
LOAD ./Drivers/si1147_i2c.o
LOAD ./Drivers/si114x_algorithm.o
LOAD ./Drivers/si114x_functions.o
LOAD ./Drivers/si7013.o
LOAD ./Drivers/udelay.o
LOAD ./CMSIS/efm32zg/startup_efm32zg.o
LOAD ./CMSIS/efm32zg/system_efm32zg.o
LOAD ./BSP/bsp_bcc.o
LOAD ./BSP/bsp_stk.o
START GROUP
LOAD c:/siliconlabs/simplicitystudio/v2/developer/toolchains/gnu_arm/4.8_2013q4/bin/../lib/gcc/arm-none-eabi/4.8.3/armv6-m\libgcc.a
LOAD c:/siliconlabs/simplicitystudio/v2/developer/toolchains/gnu_arm/4.8_2013q4/bin/../lib/gcc/arm-none-eabi/4.8.3/../../../../arm-none-eabi/lib/armv6-m\libc_s.a
LOAD c:/siliconlabs/simplicitystudio/v2/developer/toolchains/gnu_arm/4.8_2013q4/bin/../lib/gcc/arm-none-eabi/4.8.3/../../../../arm-none-eabi/lib/armv6-m\libnosys.a
END GROUP
START GROUP
LOAD c:/siliconlabs/simplicitystudio/v2/developer/toolchains/gnu_arm/4.8_2013q4/bin/../lib/gcc/arm-none-eabi/4.8.3/armv6-m\libgcc.a
LOAD c:/siliconlabs/simplicitystudio/v2/developer/toolchains/gnu_arm/4.8_2013q4/bin/../lib/gcc/arm-none-eabi/4.8.3/../../../../arm-none-eabi/lib/armv6-m\libg_s.a
LOAD c:/siliconlabs/simplicitystudio/v2/developer/toolchains/gnu_arm/4.8_2013q4/bin/../lib/gcc/arm-none-eabi/4.8.3/../../../../arm-none-eabi/lib/armv6-m\libc_s.a
END GROUP
START GROUP
LOAD c:/siliconlabs/simplicitystudio/v2/developer/toolchains/gnu_arm/4.8_2013q4/bin/../lib/gcc/arm-none-eabi/4.8.3/armv6-m\libgcc.a
LOAD c:/siliconlabs/simplicitystudio/v2/developer/toolchains/gnu_arm/4.8_2013q4/bin/../lib/gcc/arm-none-eabi/4.8.3/../../../../arm-none-eabi/lib/armv6-m\libc_s.a
END GROUP
LOAD c:/siliconlabs/simplicitystudio/v2/developer/toolchains/gnu_arm/4.8_2013q4/bin/../lib/gcc/arm-none-eabi/4.8.3/armv6-m/crtend.o
LOAD c:/siliconlabs/simplicitystudio/v2/developer/toolchains/gnu_arm/4.8_2013q4/bin/../lib/gcc/arm-none-eabi/4.8.3/armv6-m/crtn.o

.text           0x00000000     0x65dc
 *(.isr_vector)
 .isr_vector    0x00000000      0x100 ./CMSIS/efm32zg/startup_efm32zg.o
                0x00000000                __isr_vector
 *(.text*)
 .text          0x00000100       0x60 c:/siliconlabs/simplicitystudio/v2/developer/toolchains/gnu_arm/4.8_2013q4/bin/../lib/gcc/arm-none-eabi/4.8.3/armv6-m/crtbegin.o
 .text          0x00000160       0x78 c:/siliconlabs/simplicitystudio/v2/developer/toolchains/gnu_arm/4.8_2013q4/bin/../lib/gcc/arm-none-eabi/4.8.3/../../../../arm-none-eabi/lib/armv6-m/crt0.o
                0x00000160                _start
                0x00000160                _mainCRTStartup
 .text.GRAPHICS_CreateString
                0x000001d8       0x6c ./src/graphics.o
 .text.GRAPHICS_Init
                0x00000244       0x34 ./src/graphics.o
                0x00000244                GRAPHICS_Init
 .text.GRAPHICS_ShowStatus
                0x00000278       0xf4 ./src/graphics.o
                0x00000278                GRAPHICS_ShowStatus
 .text.GRAPHICS_Draw
                0x0000036c      0x394 ./src/graphics.o
                0x0000036c                GRAPHICS_Draw
 .text.NVIC_EnableIRQ
                0x00000700       0x2c ./src/weatherstation.o
 .text.NVIC_ClearPendingIRQ
                0x0000072c       0x34 ./src/weatherstation.o
 .text.CHIP_Init
                0x00000760        0x8 ./src/weatherstation.o
 .text.EMU_EnterEM1
                0x00000768       0x1c ./src/weatherstation.o
 .text.GPIO_IntClear
                0x00000784       0x1c ./src/weatherstation.o
 .text.GPIO_IntGet
                0x000007a0       0x18 ./src/weatherstation.o
 .text.GPIO_PinInGet
                0x000007b8       0x48 ./src/weatherstation.o
 .text.GPIO_PinOutClear
                0x00000800       0x48 ./src/weatherstation.o
 .text.GPIO_PinOutSet
                0x00000848       0x48 ./src/weatherstation.o
 .text.ADC_DataSingleGet
                0x00000890       0x14 ./src/weatherstation.o
 .text.ADC_IntClear
                0x000008a4       0x18 ./src/weatherstation.o
 .text.ADC_IntEnable
                0x000008bc       0x1c ./src/weatherstation.o
 .text.ADC_IntGet
                0x000008d8       0x14 ./src/weatherstation.o
 .text.ADC_Start
                0x000008ec       0x1c ./src/weatherstation.o
 .text.USART_IntDisable
                0x00000908       0x20 ./src/weatherstation.o
 .text.performMeasurements
                0x00000928       0x44 ./src/weatherstation.o
 .text.main     0x0000096c      0x278 ./src/weatherstation.o
                0x0000096c                main
 .text.checkBattery
                0x00000be4       0x4c ./src/weatherstation.o
 .text.ADC0_IRQHandler
                0x00000c30       0x34 ./src/weatherstation.o
                0x00000c30                ADC0_IRQHandler
 .text.adcInit  0x00000c64       0xcc ./src/weatherstation.o
 .text.handleGestures
                0x00000d30       0xd8 ./src/weatherstation.o
 .text.enableGestureMode
                0x00000e08       0x64 ./src/weatherstation.o
 .text.disableGestureMode
                0x00000e6c       0x58 ./src/weatherstation.o
 .text.gpioSetup
                0x00000ec4       0xa0 ./src/weatherstation.o
 .text.GPIO_EVEN_IRQHandler
                0x00000f64       0x78 ./src/weatherstation.o
                0x00000f64                GPIO_EVEN_IRQHandler
 .text.GPIO_ODD_IRQHandler
                0x00000fdc       0x44 ./src/weatherstation.o
                0x00000fdc                GPIO_ODD_IRQHandler
 .text.memLcdCallback
                0x00001020       0x24 ./src/weatherstation.o
 .text.RtcIntCallbackRegister
                0x00001044       0x58 ./src/weatherstation.o
                0x00001044                RtcIntCallbackRegister
 .text.periodicUpdateCallback
                0x0000109c       0x24 ./src/weatherstation.o
 .text.msTicksCallback
                0x000010c0       0x20 ./src/weatherstation.o
 .text.animationUpdateCallback
                0x000010e0      0x100 ./src/weatherstation.o
 .text.USART1_RX_IRQHandler
                0x000011e0       0x74 ./src/weatherstation.o
                0x000011e0                USART1_RX_IRQHandler
 .text.USART1_TX_IRQHandler
                0x00001254       0x78 ./src/weatherstation.o
                0x00001254                USART1_TX_IRQHandler
 .text.ADC_Init
                0x000012cc       0x3a ./emlib/em_adc.o
                0x000012cc                ADC_Init
 *fill*         0x00001306        0x2 
 .text.ADC_InitSingle
                0x00001308       0xd8 ./emlib/em_adc.o
                0x00001308                ADC_InitSingle
 .text.CMU_FlashWaitStateMax
                0x000013e0       0x1c ./emlib/em_cmu.o
 .text.CMU_FlashWaitStateControl
                0x000013fc       0x38 ./emlib/em_cmu.o
 .text.CMU_AUXClkGet
                0x00001434       0x5c ./emlib/em_cmu.o
 .text.CMU_Sync
                0x00001490       0x14 ./emlib/em_cmu.o
 .text.CMU_LFClkGet
                0x000014a4       0x48 ./emlib/em_cmu.o
 .text.CMU_ClockDivGet
                0x000014ec       0x5c ./emlib/em_cmu.o
                0x000014ec                CMU_ClockDivGet
 .text.CMU_ClockDivSet
                0x00001548       0xd0 ./emlib/em_cmu.o
                0x00001548                CMU_ClockDivSet
 .text.CMU_ClockEnable
                0x00001618       0x74 ./emlib/em_cmu.o
                0x00001618                CMU_ClockEnable
 .text.CMU_ClockSelectGet
                0x0000168c       0x98 ./emlib/em_cmu.o
                0x0000168c                CMU_ClockSelectGet
 .text.CMU_ClockFreqGet
                0x00001724       0xbc ./emlib/em_cmu.o
                0x00001724                CMU_ClockFreqGet
 .text.CMU_OscillatorEnable
                0x000017e0       0x50 ./emlib/em_cmu.o
                0x000017e0                CMU_OscillatorEnable
 .text.CMU_ClockSelectSet
                0x00001830       0xdc ./emlib/em_cmu.o
                0x00001830                CMU_ClockSelectSet
 .text.EMU_Restore
                0x0000190c       0x80 ./emlib/em_emu.o
 .text.EMU_EnterEM2
                0x0000198c       0x38 ./emlib/em_emu.o
                0x0000198c                EMU_EnterEM2
 .text.EMU_UpdateOscConfig
                0x000019c4       0x14 ./emlib/em_emu.o
                0x000019c4                EMU_UpdateOscConfig
 .text.GPIO_IntConfig
                0x000019d8       0x88 ./emlib/em_gpio.o
                0x000019d8                GPIO_IntConfig
 .text.GPIO_PinModeSet
                0x00001a60       0x8c ./emlib/em_gpio.o
                0x00001a60                GPIO_PinModeSet
 .text.I2C_BusFreqSet
                0x00001aec       0x54 ./emlib/em_i2c.o
                0x00001aec                I2C_BusFreqSet
 .text.I2C_Init
                0x00001b40       0x3c ./emlib/em_i2c.o
                0x00001b40                I2C_Init
 .text.I2C_Transfer
                0x00001b7c      0x230 ./emlib/em_i2c.o
                0x00001b7c                I2C_Transfer
 .text.I2C_TransferInit
                0x00001dac       0x6c ./emlib/em_i2c.o
                0x00001dac                I2C_TransferInit
 .text.RTC_CompareGet
                0x00001e18       0x1c ./emlib/em_rtc.o
                0x00001e18                RTC_CompareGet
 .text.RTC_CompareSet
                0x00001e34       0x1c ./emlib/em_rtc.o
                0x00001e34                RTC_CompareSet
 .text.RTC_Enable
                0x00001e50       0x14 ./emlib/em_rtc.o
                0x00001e50                RTC_Enable
 .text.RTC_FreezeEnable
                0x00001e64       0x14 ./emlib/em_rtc.o
                0x00001e64                RTC_FreezeEnable
 .text.RTC_Init
                0x00001e78       0x20 ./emlib/em_rtc.o
                0x00001e78                RTC_Init
 .text.RTC_CounterReset
                0x00001e98       0x10 ./emlib/em_rtc.o
                0x00001e98                RTC_CounterReset
 .text.USART_BaudrateSyncSet
                0x00001ea8       0x30 ./emlib/em_usart.o
                0x00001ea8                USART_BaudrateSyncSet
 .text.USART_Reset
                0x00001ed8       0x3c ./emlib/em_usart.o
                0x00001ed8                USART_Reset
 .text.USART_InitSync
                0x00001f14       0x5c ./emlib/em_usart.o
                0x00001f14                USART_InitSync
 .text.USART_Rx
                0x00001f70        0xc ./emlib/em_usart.o
                0x00001f70                USART_Rx
 .text.USART_Tx
                0x00001f7c        0xa ./emlib/em_usart.o
                0x00001f7c                USART_Tx
 .text.USART_TxDouble
                0x00001f86        0xa ./emlib/em_usart.o
                0x00001f86                USART_TxDouble
 .text.DMD_getDisplayGeometry
                0x00001f90       0x1c ./Graphics/dmd_display.o
                0x00001f90                DMD_getDisplayGeometry
 .text.DMD_setClippingArea
                0x00001fac       0x40 ./Graphics/dmd_display.o
                0x00001fac                DMD_setClippingArea
 .text.DMD_writeData
                0x00001fec      0x170 ./Graphics/dmd_display.o
                0x00001fec                DMD_writeData
 .text.DMD_writeColor
                0x0000215c      0x15c ./Graphics/dmd_display.o
                0x0000215c                DMD_writeColor
 .text.DMD_allocateFramebuffer
                0x000022b8       0x38 ./Graphics/dmd_display.o
                0x000022b8                DMD_allocateFramebuffer
 .text.DMD_init
                0x000022f0       0x78 ./Graphics/dmd_display.o
                0x000022f0                DMD_init
 .text.DMD_updateDisplay
                0x00002368       0xa0 ./Graphics/dmd_display.o
                0x00002368                DMD_updateDisplay
 .text.GLIB_setClippingRegion
                0x00002408       0x6c ./Graphics/glib.o
                0x00002408                GLIB_setClippingRegion
 .text.GLIB_contextInit
                0x00002474       0x54 ./Graphics/glib.o
                0x00002474                GLIB_contextInit
 .text.GLIB_resetDisplayClippingArea
                0x000024c8       0x1a ./Graphics/glib.o
                0x000024c8                GLIB_resetDisplayClippingArea
 .text.GLIB_clear
                0x000024e2       0x34 ./Graphics/glib.o
                0x000024e2                GLIB_clear
 .text.GLIB_colorTranslate24bpp
                0x00002516        0xe ./Graphics/glib.o
                0x00002516                GLIB_colorTranslate24bpp
 .text.GLIB_drawPixel
                0x00002524       0x38 ./Graphics/glib.o
                0x00002524                GLIB_drawPixel
 .text.GLIB_drawPixelColor
                0x0000255c       0x36 ./Graphics/glib.o
                0x0000255c                GLIB_drawPixelColor
 .text.GLIB_getClipCode
                0x00002592       0x30 ./Graphics/glib_line.o
 .text.GLIB_drawLineH
                0x000025c2       0x78 ./Graphics/glib_line.o
                0x000025c2                GLIB_drawLineH
 .text.GLIB_drawLineV
                0x0000263a       0xa4 ./Graphics/glib_line.o
                0x0000263a                GLIB_drawLineV
 .text.GLIB_drawLine
                0x000026de      0x18a ./Graphics/glib_line.o
                0x000026de                GLIB_drawLine
 .text.GLIB_rectContainsPoint
                0x00002868       0x2a ./Graphics/glib_rectangle.o
                0x00002868                GLIB_rectContainsPoint
 .text.GLIB_drawChar
                0x00002892      0x128 ./Graphics/glib_string.o
                0x00002892                GLIB_drawChar
 .text.GLIB_drawString
                0x000029ba       0x82 ./Graphics/glib_string.o
                0x000029ba                GLIB_drawString
 .text.GLIB_setFont
                0x00002a3c       0x20 ./Graphics/glib_string.o
                0x00002a3c                GLIB_setFont
 .text.DISPLAY_Init
                0x00002a5c       0x2c ./Drivers/display.o
                0x00002a5c                DISPLAY_Init
 .text.DISPLAY_DeviceGet
                0x00002a88       0x3c ./Drivers/display.o
                0x00002a88                DISPLAY_DeviceGet
 .text.DISPLAY_DeviceRegister
                0x00002ac4       0x44 ./Drivers/display.o
                0x00002ac4                DISPLAY_DeviceRegister
 .text.PixelMatrixAllocate
                0x00002b08       0x3c ./Drivers/displayls013b7dh03.o
 .text.PixelMatrixFree
                0x00002b44        0x8 ./Drivers/displayls013b7dh03.o
 .text.DriverRefresh
                0x00002b4c        0xe ./Drivers/displayls013b7dh03.o
 .text.PixelMatrixClear
                0x00002b5a       0x20 ./Drivers/displayls013b7dh03.o
 .text.PixelMatrixDraw
                0x00002b7a       0x76 ./Drivers/displayls013b7dh03.o
 .text.DisplayPolarityInverse
                0x00002bf0        0xe ./Drivers/displayls013b7dh03.o
 .text.DisplayEnable.part.0
                0x00002bfe       0x14 ./Drivers/displayls013b7dh03.o
 .text.DisplayEnable
                0x00002c12       0x20 ./Drivers/displayls013b7dh03.o
 *fill*         0x00002c32        0x2 
 .text.DISPLAY_Ls013b7dh03Init
                0x00002c34       0xfc ./Drivers/displayls013b7dh03.o
                0x00002c34                DISPLAY_Ls013b7dh03Init
 .text.PAL_SpiInit
                0x00002d30       0x44 ./Drivers/displaypalemlib.o
                0x00002d30                PAL_SpiInit
 .text.PAL_SpiTransmit
                0x00002d74       0x40 ./Drivers/displaypalemlib.o
                0x00002d74                PAL_SpiTransmit
 .text.PAL_TimerInit
                0x00002db4        0xa ./Drivers/displaypalemlib.o
                0x00002db4                PAL_TimerInit
 .text.PAL_TimerMicroSecondsDelay
                0x00002dbe        0xa ./Drivers/displaypalemlib.o
                0x00002dbe                PAL_TimerMicroSecondsDelay
 .text.PAL_TimerRepeat
                0x00002dc8       0x14 ./Drivers/displaypalemlib.o
                0x00002dc8                PAL_TimerRepeat
 .text.PAL_GpioInit
                0x00002ddc       0x14 ./Drivers/displaypalemlib.o
                0x00002ddc                PAL_GpioInit
 .text.PAL_GpioPinModeSet
                0x00002df0       0x1c ./Drivers/displaypalemlib.o
                0x00002df0                PAL_GpioPinModeSet
 .text.PAL_GpioPinOutSet
                0x00002e0c       0x1c ./Drivers/displaypalemlib.o
                0x00002e0c                PAL_GpioPinOutSet
 .text.PAL_GpioPinOutClear
                0x00002e28       0x1c ./Drivers/displaypalemlib.o
                0x00002e28                PAL_GpioPinOutClear
 .text.PAL_GpioPinOutToggle
                0x00002e44       0x1c ./Drivers/displaypalemlib.o
                0x00002e44                PAL_GpioPinOutToggle
 .text.I2CDRV_Init
                0x00002e60       0x68 ./Drivers/i2cdrv.o
                0x00002e60                I2CDRV_Init
 .text.I2CDRV_Transfer
                0x00002ec8       0x2c ./Drivers/i2cdrv.o
                0x00002ec8                I2CDRV_Transfer
 .text.INT_Disable
                0x00002ef4       0x18 ./Drivers/rtcdriver.o
 .text.INT_Enable
                0x00002f0c       0x1c ./Drivers/rtcdriver.o
 .text.checkAllTimers
                0x00002f28       0xa0 ./Drivers/rtcdriver.o
 .text.executeTimerCallbacks
                0x00002fc8       0x28 ./Drivers/rtcdriver.o
 .text.delayTicks.part.0
                0x00002ff0       0x20 ./Drivers/rtcdriver.o
 .text.rescheduleRtc
                0x00003010       0x90 ./Drivers/rtcdriver.o
 .text.RTCDRV_AllocateTimer
                0x000030a0       0x3c ./Drivers/rtcdriver.o
                0x000030a0                RTCDRV_AllocateTimer
 *fill*         0x000030dc        0x4 
 .text.RTCDRV_Delay
                0x000030e0       0x68 ./Drivers/rtcdriver.o
                0x000030e0                RTCDRV_Delay
 .text.RTCDRV_Init
                0x00003148       0x98 ./Drivers/rtcdriver.o
                0x00003148                RTCDRV_Init
 .text.RTCDRV_StartTimer
                0x000031e0      0x1d8 ./Drivers/rtcdriver.o
                0x000031e0                RTCDRV_StartTimer
 .text.RTCDRV_StopTimer
                0x000033b8       0x40 ./Drivers/rtcdriver.o
                0x000033b8                RTCDRV_StopTimer
 .text.RTC_IRQHandler
                0x000033f8       0x78 ./Drivers/rtcdriver.o
                0x000033f8                RTC_IRQHandler
 .text.Si1147_Read_Register
                0x00003470       0x32 ./Drivers/si1147_i2c.o
                0x00003470                Si1147_Read_Register
 .text.Si1147_Write_Register
                0x000034a2       0x28 ./Drivers/si1147_i2c.o
                0x000034a2                Si1147_Write_Register
 .text.Si1147_Write_Block_Register
                0x000034ca       0x3a ./Drivers/si1147_i2c.o
                0x000034ca                Si1147_Write_Block_Register
 .text.Si1147_Detect_Device
                0x00003504       0x20 ./Drivers/si114x_algorithm.o
                0x00003504                Si1147_Detect_Device
 .text.Si1147_SetInterruptOutputEnable
                0x00003524       0x1c ./Drivers/si114x_algorithm.o
                0x00003524                Si1147_SetInterruptOutputEnable
 .text.Si1147_GetInterruptOutputEnable
                0x00003540       0x1c ./Drivers/si114x_algorithm.o
                0x00003540                Si1147_GetInterruptOutputEnable
 .text.Si1147_MeasureUVAndObjectPresent
                0x0000355c       0x94 ./Drivers/si114x_algorithm.o
                0x0000355c                Si1147_MeasureUVAndObjectPresent
 .text.Si1147_NewSample
                0x000035f0      0x200 ./Drivers/si114x_algorithm.o
                0x000035f0                Si1147_NewSample
 .text.Si1147_ConfigureDetection
                0x000037f0       0xe4 ./Drivers/si114x_algorithm.o
                0x000037f0                Si1147_ConfigureDetection
 .text.Si114xWriteToRegister
                0x000038d4       0x16 ./Drivers/si114x_functions.o
                0x000038d4                Si114xWriteToRegister
 .text.Si114xReadFromRegister
                0x000038ea       0x18 ./Drivers/si114x_functions.o
                0x000038ea                Si114xReadFromRegister
 .text._sendCmd
                0x00003902       0x6e ./Drivers/si114x_functions.o
 .text.Si114xBlockWrite
                0x00003970       0x1a ./Drivers/si114x_functions.o
                0x00003970                Si114xBlockWrite
 .text.delay_10ms
                0x0000398a        0xa ./Drivers/si114x_functions.o
                0x0000398a                delay_10ms
 .text.Si114xNop
                0x00003994        0xa ./Drivers/si114x_functions.o
                0x00003994                Si114xNop
 .text.Si114xPsAlsForce
                0x0000399e        0xa ./Drivers/si114x_functions.o
                0x0000399e                Si114xPsAlsForce
 .text.Si114xPsAlsAuto
                0x000039a8        0xa ./Drivers/si114x_functions.o
                0x000039a8                Si114xPsAlsAuto
 .text.Si114xParamSet
                0x000039b2       0x48 ./Drivers/si114x_functions.o
                0x000039b2                Si114xParamSet
 .text.Si114xPauseAll
                0x000039fa       0x3c ./Drivers/si114x_functions.o
                0x000039fa                Si114xPauseAll
 .text.Si114xReset
                0x00003a36       0x8a ./Drivers/si114x_functions.o
                0x00003a36                Si114xReset
 .text.si114x_get_calibration
                0x00003ac0        0x4 ./Drivers/si114x_functions.o
                0x00003ac0                si114x_get_calibration
 .text.si114x_set_ucoef
                0x00003ac4       0x24 ./Drivers/si114x_functions.o
                0x00003ac4                si114x_set_ucoef
 .text.Si7013_Measure.isra.0
                0x00003ae8       0x44 ./Drivers/si7013.o
 .text.Si7013_MeasureRHAndTemp
                0x00003b2c       0x5c ./Drivers/si7013.o
                0x00003b2c                Si7013_MeasureRHAndTemp
 .text.Si7013_Detect
                0x00003b88       0x34 ./Drivers/si7013.o
                0x00003b88                Si7013_Detect
 .text.UDELAY_Calibrate
                0x00003bbc      0x1c0 ./Drivers/udelay.o
                0x00003bbc                UDELAY_Calibrate
 .text.UDELAY_Delay
                0x00003d7c       0x20 ./Drivers/udelay.o
                0x00003d7c                UDELAY_Delay
 .text          0x00003d9c       0x60 ./CMSIS/efm32zg/startup_efm32zg.o
                0x00003d9c                Reset_Handler
                0x00003dcc                Default_Handler
                0x00003dce                NMI_Handler
                0x00003dd0                HardFault_Handler
                0x00003dd2                SVC_Handler
                0x00003dd4                PendSV_Handler
                0x00003dd6                SysTick_Handler
                0x00003dd8                DMA_IRQHandler
                0x00003ddc                TIMER0_IRQHandler
                0x00003dde                ACMP0_IRQHandler
                0x00003de2                I2C0_IRQHandler
                0x00003de6                TIMER1_IRQHandler
                0x00003dec                LEUART0_IRQHandler
                0x00003dee                PCNT0_IRQHandler
                0x00003df2                CMU_IRQHandler
                0x00003df4                VCMP_IRQHandler
                0x00003df6                MSC_IRQHandler
                0x00003df8                AES_IRQHandler
 .text.SystemHFClockGet
                0x00003dfc       0x98 ./CMSIS/efm32zg/system_efm32zg.o
                0x00003dfc                SystemHFClockGet
 .text.SystemCoreClockGet
                0x00003e94       0x20 ./CMSIS/efm32zg/system_efm32zg.o
                0x00003e94                SystemCoreClockGet
 .text.SystemInit
                0x00003eb4        0x2 ./CMSIS/efm32zg/system_efm32zg.o
                0x00003eb4                SystemInit
 .text.SystemLFRCOClockGet
                0x00003eb6        0x6 ./CMSIS/efm32zg/system_efm32zg.o
                0x00003eb6                SystemLFRCOClockGet
 .text.SystemULFRCOClockGet
                0x00003ebc        0x6 ./CMSIS/efm32zg/system_efm32zg.o
                0x00003ebc                SystemULFRCOClockGet
 *fill*         0x00003ec2        0x2 
 .text.SystemLFXOClockGet
                0x00003ec4        0xc ./CMSIS/efm32zg/system_efm32zg.o
                0x00003ec4                SystemLFXOClockGet
 .text          0x00003ed0       0x14 c:/siliconlabs/simplicitystudio/v2/developer/toolchains/gnu_arm/4.8_2013q4/bin/../lib/gcc/arm-none-eabi/4.8.3/armv6-m\libgcc.a(_thumb1_case_uqi.o)
                0x00003ed0                __gnu_thumb1_case_uqi
 .text          0x00003ee4       0x9c c:/siliconlabs/simplicitystudio/v2/developer/toolchains/gnu_arm/4.8_2013q4/bin/../lib/gcc/arm-none-eabi/4.8.3/armv6-m\libgcc.a(_udivsi3.o)
                0x00003ee4                __aeabi_uidiv
                0x00003ee4                __udivsi3
                0x00003f6c                __aeabi_uidivmod
 .text          0x00003f80       0xc0 c:/siliconlabs/simplicitystudio/v2/developer/toolchains/gnu_arm/4.8_2013q4/bin/../lib/gcc/arm-none-eabi/4.8.3/armv6-m\libgcc.a(_divsi3.o)
                0x00003f80                __divsi3
                0x00003f80                __aeabi_idiv
                0x0000402c                __aeabi_idivmod
 .text          0x00004040        0x4 c:/siliconlabs/simplicitystudio/v2/developer/toolchains/gnu_arm/4.8_2013q4/bin/../lib/gcc/arm-none-eabi/4.8.3/armv6-m\libgcc.a(_dvmd_tls.o)
                0x00004040                __aeabi_idiv0
                0x00004040                __aeabi_ldiv0
 .text          0x00004044       0x40 c:/siliconlabs/simplicitystudio/v2/developer/toolchains/gnu_arm/4.8_2013q4/bin/../lib/gcc/arm-none-eabi/4.8.3/armv6-m\libgcc.a(_aeabi_uldivmod.o)
                0x00004044                __aeabi_uldivmod
 .text          0x00004084       0x44 c:/siliconlabs/simplicitystudio/v2/developer/toolchains/gnu_arm/4.8_2013q4/bin/../lib/gcc/arm-none-eabi/4.8.3/armv6-m\libgcc.a(_muldi3.o)
                0x00004084                __muldi3
                0x00004084                __aeabi_lmul
 .text          0x000040c8       0x6c c:/siliconlabs/simplicitystudio/v2/developer/toolchains/gnu_arm/4.8_2013q4/bin/../lib/gcc/arm-none-eabi/4.8.3/armv6-m\libgcc.a(bpabi.o)
                0x000040c8                __gnu_ldivmod_helper
                0x00004100                __gnu_uldivmod_helper
 .text          0x00004134      0x3b0 c:/siliconlabs/simplicitystudio/v2/developer/toolchains/gnu_arm/4.8_2013q4/bin/../lib/gcc/arm-none-eabi/4.8.3/armv6-m\libgcc.a(_divdi3.o)
                0x00004134                __divdi3
 .text          0x000044e4      0x380 c:/siliconlabs/simplicitystudio/v2/developer/toolchains/gnu_arm/4.8_2013q4/bin/../lib/gcc/arm-none-eabi/4.8.3/armv6-m\libgcc.a(_udivdi3.o)
                0x000044e4                __udivdi3
 .text          0x00004864       0x3c c:/siliconlabs/simplicitystudio/v2/developer/toolchains/gnu_arm/4.8_2013q4/bin/../lib/gcc/arm-none-eabi/4.8.3/armv6-m\libgcc.a(_clzsi2.o)
                0x00004864                __clzsi2
 .text.exit     0x000048a0       0x2c c:/siliconlabs/simplicitystudio/v2/developer/toolchains/gnu_arm/4.8_2013q4/bin/../lib/gcc/arm-none-eabi/4.8.3/../../../../arm-none-eabi/lib/armv6-m\libc_s.a(lib_a-exit.o)
                0x000048a0                exit
 .text.__libc_init_array
                0x000048cc       0x4c c:/siliconlabs/simplicitystudio/v2/developer/toolchains/gnu_arm/4.8_2013q4/bin/../lib/gcc/arm-none-eabi/4.8.3/../../../../arm-none-eabi/lib/armv6-m\libc_s.a(lib_a-init.o)
                0x000048cc                __libc_init_array
 .text.memcpy   0x00004918       0x12 c:/siliconlabs/simplicitystudio/v2/developer/toolchains/gnu_arm/4.8_2013q4/bin/../lib/gcc/arm-none-eabi/4.8.3/../../../../arm-none-eabi/lib/armv6-m\libc_s.a(lib_a-memcpy-stub.o)
                0x00004918                memcpy
 .text.memset   0x0000492a       0x10 c:/siliconlabs/simplicitystudio/v2/developer/toolchains/gnu_arm/4.8_2013q4/bin/../lib/gcc/arm-none-eabi/4.8.3/../../../../arm-none-eabi/lib/armv6-m\libc_s.a(lib_a-memset.o)
                0x0000492a                memset
 .text.strlen   0x0000493a        0xe c:/siliconlabs/simplicitystudio/v2/developer/toolchains/gnu_arm/4.8_2013q4/bin/../lib/gcc/arm-none-eabi/4.8.3/../../../../arm-none-eabi/lib/armv6-m\libc_s.a(lib_a-strlen.o)
                0x0000493a                strlen
 .text._exit    0x00004948        0x4 c:/siliconlabs/simplicitystudio/v2/developer/toolchains/gnu_arm/4.8_2013q4/bin/../lib/gcc/arm-none-eabi/4.8.3/../../../../arm-none-eabi/lib/armv6-m\libnosys.a(_exit.o)
                0x00004948                _exit
 *(.init)
 .init          0x0000494c        0x4 c:/siliconlabs/simplicitystudio/v2/developer/toolchains/gnu_arm/4.8_2013q4/bin/../lib/gcc/arm-none-eabi/4.8.3/armv6-m/crti.o
                0x0000494c                _init
 .init          0x00004950        0x8 c:/siliconlabs/simplicitystudio/v2/developer/toolchains/gnu_arm/4.8_2013q4/bin/../lib/gcc/arm-none-eabi/4.8.3/armv6-m/crtn.o
 *(.fini)
 .fini          0x00004958        0x4 c:/siliconlabs/simplicitystudio/v2/developer/toolchains/gnu_arm/4.8_2013q4/bin/../lib/gcc/arm-none-eabi/4.8.3/armv6-m/crti.o
                0x00004958                _fini
 .fini          0x0000495c        0x8 c:/siliconlabs/simplicitystudio/v2/developer/toolchains/gnu_arm/4.8_2013q4/bin/../lib/gcc/arm-none-eabi/4.8.3/armv6-m/crtn.o
 *crtbegin.o(.ctors)
 *crtbegin?.o(.ctors)
 *(EXCLUDE_FILE(*crtend.o *crtend?.o) .ctors)
 *(SORT(.ctors.*))
 *(.ctors)
 *crtbegin.o(.dtors)
 *crtbegin?.o(.dtors)
 *(EXCLUDE_FILE(*crtend.o *crtend?.o) .dtors)
 *(SORT(.dtors.*))
 *(.dtors)
 *(.rodata*)
 .rodata.background
                0x00004964     0x1800 ./src/background.o
                0x00004964                background
 .rodata.str1.1
                0x00006164       0xbd ./src/graphics.o
                                 0xbf (size before relaxing)
 .rodata.sinLUT
                0x00006221       0x32 ./src/graphics.o
 *fill*         0x00006253        0x1 
 .rodata        0x00006254       0x10 ./src/weatherstation.o
 .rodata.i2cNSum
                0x00006264        0x4 ./emlib/em_i2c.o
 .rodata.GLIB_FontNormal8x8
                0x00006268       0x10 ./Graphics/glib_font_normal_8x8.o
                0x00006268                GLIB_FontNormal8x8
 .rodata.GLIB_FontNormal8x8PixMap
                0x00006278      0x320 ./Graphics/glib_font_normal_8x8.o
 .rodata.str1.1
                0x00006598       0x15 ./Drivers/displayls013b7dh03.o
 *fill*         0x000065ad        0x3 
 .rodata        0x000065b0       0x18 ./Drivers/displaypalemlib.o
 .rodata.initRTC
                0x000065c8        0x3 ./Drivers/rtcdriver.o
 .rodata        0x000065cb        0x4 ./Drivers/si114x_functions.o
 .rodata        0x000065cf        0x3 ./Drivers/udelay.o
 .rodata.str1.1
                0x00000000        0x2 c:/siliconlabs/simplicitystudio/v2/developer/toolchains/gnu_arm/4.8_2013q4/bin/../lib/gcc/arm-none-eabi/4.8.3/../../../../arm-none-eabi/lib/armv6-m\libc_s.a(lib_a-impure.o)
 *fill*         0x000065d2        0x2 
 .rodata._global_impure_ptr
                0x000065d4        0x4 c:/siliconlabs/simplicitystudio/v2/developer/toolchains/gnu_arm/4.8_2013q4/bin/../lib/gcc/arm-none-eabi/4.8.3/../../../../arm-none-eabi/lib/armv6-m\libc_s.a(lib_a-impure.o)
                0x000065d4                _global_impure_ptr
 *(.eh_frame*)
 .eh_frame      0x000065d8        0x0 c:/siliconlabs/simplicitystudio/v2/developer/toolchains/gnu_arm/4.8_2013q4/bin/../lib/gcc/arm-none-eabi/4.8.3/armv6-m/crtbegin.o
 .eh_frame      0x000065d8        0x4 c:/siliconlabs/simplicitystudio/v2/developer/toolchains/gnu_arm/4.8_2013q4/bin/../lib/gcc/arm-none-eabi/4.8.3/armv6-m/crtend.o

.glue_7         0x000065dc        0x0
 .glue_7        0x00000000        0x0 linker stubs

.glue_7t        0x000065dc        0x0
 .glue_7t       0x00000000        0x0 linker stubs

.vfp11_veneer   0x000065dc        0x0
 .vfp11_veneer  0x00000000        0x0 linker stubs

.v4_bx          0x000065dc        0x0
 .v4_bx         0x00000000        0x0 linker stubs

.iplt           0x000065dc        0x0
 .iplt          0x00000000        0x0 c:/siliconlabs/simplicitystudio/v2/developer/toolchains/gnu_arm/4.8_2013q4/bin/../lib/gcc/arm-none-eabi/4.8.3/armv6-m/crtbegin.o

.ARM.extab
 *(.ARM.extab* .gnu.linkonce.armextab.*)
                0x000065dc                __exidx_start = .

.ARM.exidx      0x000065dc        0x8
 *(.ARM.exidx* .gnu.linkonce.armexidx.*)
 .ARM.exidx     0x000065dc        0x8 c:/siliconlabs/simplicitystudio/v2/developer/toolchains/gnu_arm/4.8_2013q4/bin/../lib/gcc/arm-none-eabi/4.8.3/../../../../arm-none-eabi/lib/armv6-m/crt0.o
 .ARM.exidx     0x000065e4        0x0 c:/siliconlabs/simplicitystudio/v2/developer/toolchains/gnu_arm/4.8_2013q4/bin/../lib/gcc/arm-none-eabi/4.8.3/armv6-m\libgcc.a(_divdi3.o)
                                  0x8 (size before relaxing)
 .ARM.exidx     0x000065e4        0x0 c:/siliconlabs/simplicitystudio/v2/developer/toolchains/gnu_arm/4.8_2013q4/bin/../lib/gcc/arm-none-eabi/4.8.3/armv6-m\libgcc.a(_udivdi3.o)
                                  0x8 (size before relaxing)
                0x000065e4                __exidx_end = .
                0x000065e4                __etext = .

.rel.dyn        0x000065e4        0x0
 .rel.iplt      0x00000000        0x0 c:/siliconlabs/simplicitystudio/v2/developer/toolchains/gnu_arm/4.8_2013q4/bin/../lib/gcc/arm-none-eabi/4.8.3/armv6-m/crtbegin.o

.data           0x20000000       0x8c load address 0x000065e4
                0x20000000                __data_start__ = .
 *(vtable)
 *(.data*)
 .data.uart     0x20000000        0x4 ./src/weatherstation.o
 .data.updateDisplay
                0x20000004        0x1 ./src/weatherstation.o
 .data.updateMeasurement
                0x20000005        0x1 ./src/weatherstation.o
 *fill*         0x20000006        0x2 
 .data.pb0Action
                0x20000008        0x4 ./src/weatherstation.o
 .data.pDisplayDeviceDriverInitFunctions
                0x2000000c        0x8 ./Drivers/display.o
 .data.pixelMatrixPool
                0x20000014        0x4 ./Drivers/displayls013b7dh03.o
 .data.loops_per_jiffy
                0x20000018        0x4 ./Drivers/udelay.o
                0x20000018                loops_per_jiffy
 .data.SystemLFXOClock
                0x2000001c        0x4 ./CMSIS/efm32zg/system_efm32zg.o
 .data.SystemHFXOClock
                0x20000020        0x4 ./CMSIS/efm32zg/system_efm32zg.o
 .data.impure_data
                0x20000024       0x60 c:/siliconlabs/simplicitystudio/v2/developer/toolchains/gnu_arm/4.8_2013q4/bin/../lib/gcc/arm-none-eabi/4.8.3/../../../../arm-none-eabi/lib/armv6-m\libc_s.a(lib_a-impure.o)
                0x20000084                . = ALIGN (0x4)
 *(.ram)
                0x20000084                . = ALIGN (0x4)
                0x20000084                PROVIDE (__preinit_array_start, .)
 *(.preinit_array)
                0x20000084                PROVIDE (__preinit_array_end, .)
                0x20000084                . = ALIGN (0x4)
                0x20000084                PROVIDE (__init_array_start, .)
 *(SORT(.init_array.*))
 *(.init_array)
 .init_array    0x20000084        0x4 c:/siliconlabs/simplicitystudio/v2/developer/toolchains/gnu_arm/4.8_2013q4/bin/../lib/gcc/arm-none-eabi/4.8.3/armv6-m/crtbegin.o
                0x20000088                PROVIDE (__init_array_end, .)
                0x20000088                . = ALIGN (0x4)
                0x20000088                PROVIDE (__fini_array_start, .)
 *(SORT(.fini_array.*))
 *(.fini_array)
 .fini_array    0x20000088        0x4 c:/siliconlabs/simplicitystudio/v2/developer/toolchains/gnu_arm/4.8_2013q4/bin/../lib/gcc/arm-none-eabi/4.8.3/armv6-m/crtbegin.o
                0x2000008c                PROVIDE (__fini_array_end, .)
                0x2000008c                . = ALIGN (0x4)
                0x2000008c                __data_end__ = .

.jcr            0x2000008c        0x0 load address 0x00006670
 .jcr           0x2000008c        0x0 c:/siliconlabs/simplicitystudio/v2/developer/toolchains/gnu_arm/4.8_2013q4/bin/../lib/gcc/arm-none-eabi/4.8.3/armv6-m/crtbegin.o

.igot.plt       0x2000008c        0x0 load address 0x00006670
 .igot.plt      0x00000000        0x0 c:/siliconlabs/simplicitystudio/v2/developer/toolchains/gnu_arm/4.8_2013q4/bin/../lib/gcc/arm-none-eabi/4.8.3/armv6-m/crtbegin.o

.bss            0x20000090      0xb24 load address 0x00006678
                0x20000090                __bss_start__ = .
 *(.bss*)
 .bss           0x20000090       0x1c c:/siliconlabs/simplicitystudio/v2/developer/toolchains/gnu_arm/4.8_2013q4/bin/../lib/gcc/arm-none-eabi/4.8.3/armv6-m/crtbegin.o
 .bss.glibContext
                0x200000ac       0x2c ./src/graphics.o
 .bss.txBuf     0x200000d8       0x90 ./src/weatherstation.o
                0x200000d8                txBuf
 .bss.rtcCallback
                0x20000168        0x4 ./src/weatherstation.o
 .bss.rtcCallbackArg
                0x2000016c        0x4 ./src/weatherstation.o
 .bss.startDemo
                0x20000170        0x1 ./src/weatherstation.o
 .bss.demoMode  0x20000171        0x1 ./src/weatherstation.o
 .bss.processGestures
                0x20000172        0x1 ./src/weatherstation.o
 *fill*         0x20000173        0x1 
 .bss.xoffset   0x20000174        0x4 ./src/weatherstation.o
 .bss.yoffset   0x20000178        0x4 ./src/weatherstation.o
 .bss.xinc      0x2000017c        0x4 ./src/weatherstation.o
 .bss.yinc      0x20000180        0x4 ./src/weatherstation.o
 .bss.adcConversionComplete
                0x20000184        0x1 ./src/weatherstation.o
 *fill*         0x20000185        0x1 
 .bss.cmuStatus
                0x20000186        0x2 ./emlib/em_emu.o
 .bss.i2cTransfer
                0x20000188        0xc ./emlib/em_i2c.o
 .bss.INT_LockCnt
                0x20000194        0x4 ./emlib/em_int.o
                0x20000194                INT_LockCnt
 .bss.pixelMatrixBuffer
                0x20000198        0x4 ./Graphics/dmd_display.o
 .bss.displayDevice
                0x2000019c       0x2c ./Graphics/dmd_display.o
 .bss.dimensions
                0x200001c8        0xc ./Graphics/dmd_display.o
 .bss.moduleInitialized
                0x200001d4        0x1 ./Graphics/dmd_display.o
 *fill*         0x200001d5        0x3 
 .bss.devicesRegistered
                0x200001d8        0x4 ./Drivers/display.o
 .bss.deviceTable
                0x200001dc       0x2c ./Drivers/display.o
 .bss.moduleInitialized
                0x20000208        0x1 ./Drivers/display.o
 .bss.pixelMatrixPoolBase
                0x20000209      0x800 ./Drivers/displayls013b7dh03.o
 .bss.rtcRunning
                0x20000a09        0x1 ./Drivers/rtcdriver.o
 .bss.rtcdrvIsInitialized
                0x20000a0a        0x1 ./Drivers/rtcdriver.o
 .bss.inTimerIRQ
                0x20000a0b        0x1 ./Drivers/rtcdriver.o
 *fill*         0x20000a0c        0x4 
 .bss.timer     0x20000a10       0xa0 ./Drivers/rtcdriver.o
 .bss.startTimerNestingLevel
                0x20000ab0        0x4 ./Drivers/rtcdriver.o
 .bss.lastStart
                0x20000ab4        0x4 ./Drivers/rtcdriver.o
 .bss.si114x_i2c
                0x20000ab8        0x8 ./Drivers/si114x_algorithm.o
 .bss.ps_exit_time.7290
                0x20000ac0        0xc ./Drivers/si114x_algorithm.o
 .bss.ps_state.7291
                0x20000acc        0x3 ./Drivers/si114x_algorithm.o
 *fill*         0x20000acf        0x1 
 .bss.ps_entry_time.7289
                0x20000ad0        0xc ./Drivers/si114x_algorithm.o
 *(COMMON)
 COMMON         0x20000adc       0xc4 ./src/weatherstation.o
                0x20000adc                gestureTimeoutTimerId
                0x20000ae0                rxBuf
                0x20000b70                periodicUpdateTimerId
                0x20000b74                msTicks
                0x20000b78                animationTimerId
                0x20000b7c                astr
                0x20000b9c                millisecondsTimerId
 COMMON         0x20000ba0       0x10 ./Graphics/dmd_display.o
                0x20000ba0                dirtyRows
 COMMON         0x20000bb0        0x4 ./CMSIS/efm32zg/system_efm32zg.o
                0x20000bb0                SystemCoreClock
                0x20000bb4                __bss_end__ = .

.heap           0x20000bb8        0x0
                0x20000bb8                __end__ = .
                0x20000bb8                end = __end__
                0x20000bb8                _end = __end__
 *(.heap*)
 .heap          0x20000bb8        0x0 ./CMSIS/efm32zg/startup_efm32zg.o
                0x20000bb8                __HeapLimit = .

.stack_dummy    0x20000bb8      0x400
 *(.stack)
 .stack         0x20000bb8      0x400 ./CMSIS/efm32zg/startup_efm32zg.o
                0x20001000                __StackTop = (ORIGIN (RAM) + 0x1000)
                0x20000c00                __StackLimit = (__StackTop - SIZEOF (.stack_dummy))
                0x20001000                PROVIDE (__stack, __StackTop)
                0x00000001                ASSERT ((__StackLimit >= __HeapLimit), region RAM overflowed with stack)
                0x00000001                ASSERT ((0x8000 >= (__etext + SIZEOF (.data))), FLASH memory overflowed !)
OUTPUT(STK3200_weatherstation_uart.axf elf32-littlearm)

.ARM.attributes
                0x00000000       0x28
 .ARM.attributes
                0x00000000       0x1e c:/siliconlabs/simplicitystudio/v2/developer/toolchains/gnu_arm/4.8_2013q4/bin/../lib/gcc/arm-none-eabi/4.8.3/armv6-m/crti.o
 .ARM.attributes
                0x0000001e       0x2c c:/siliconlabs/simplicitystudio/v2/developer/toolchains/gnu_arm/4.8_2013q4/bin/../lib/gcc/arm-none-eabi/4.8.3/armv6-m/crtbegin.o
 .ARM.attributes
                0x0000004a       0x1b c:/siliconlabs/simplicitystudio/v2/developer/toolchains/gnu_arm/4.8_2013q4/bin/../lib/gcc/arm-none-eabi/4.8.3/../../../../arm-none-eabi/lib/armv6-m/crt0.o
 .ARM.attributes
                0x00000065       0x32 ./src/background.o
 .ARM.attributes
                0x00000097       0x32 ./src/graphics.o
 .ARM.attributes
                0x000000c9       0x32 ./src/weatherstation.o
 .ARM.attributes
                0x000000fb       0x32 ./emlib/em_adc.o
 .ARM.attributes
                0x0000012d       0x32 ./emlib/em_cmu.o
 .ARM.attributes
                0x0000015f       0x32 ./emlib/em_emu.o
 .ARM.attributes
                0x00000191       0x32 ./emlib/em_gpio.o
 .ARM.attributes
                0x000001c3       0x32 ./emlib/em_i2c.o
 .ARM.attributes
                0x000001f5       0x32 ./emlib/em_int.o
 .ARM.attributes
                0x00000227       0x32 ./emlib/em_rtc.o
 .ARM.attributes
                0x00000259       0x32 ./emlib/em_usart.o
 .ARM.attributes
                0x0000028b       0x32 ./Graphics/dmd_display.o
 .ARM.attributes
                0x000002bd       0x32 ./Graphics/glib.o
 .ARM.attributes
                0x000002ef       0x32 ./Graphics/glib_font_normal_8x8.o
 .ARM.attributes
                0x00000321       0x32 ./Graphics/glib_line.o
 .ARM.attributes
                0x00000353       0x32 ./Graphics/glib_rectangle.o
 .ARM.attributes
                0x00000385       0x32 ./Graphics/glib_string.o
 .ARM.attributes
                0x000003b7       0x32 ./Drivers/display.o
 .ARM.attributes
                0x000003e9       0x32 ./Drivers/displayls013b7dh03.o
 .ARM.attributes
                0x0000041b       0x32 ./Drivers/displaypalemlib.o
 .ARM.attributes
                0x0000044d       0x32 ./Drivers/i2cdrv.o
 .ARM.attributes
                0x0000047f       0x32 ./Drivers/rtcdriver.o
 .ARM.attributes
                0x000004b1       0x32 ./Drivers/si1147_i2c.o
 .ARM.attributes
                0x000004e3       0x32 ./Drivers/si114x_algorithm.o
 .ARM.attributes
                0x00000515       0x32 ./Drivers/si114x_functions.o
 .ARM.attributes
                0x00000547       0x32 ./Drivers/si7013.o
 .ARM.attributes
                0x00000579       0x2b ./Drivers/udelay.o
 .ARM.attributes
                0x000005a4       0x1b ./CMSIS/efm32zg/startup_efm32zg.o
 .ARM.attributes
                0x000005bf       0x32 ./CMSIS/efm32zg/system_efm32zg.o
 .ARM.attributes
                0x000005f1       0x1e c:/siliconlabs/simplicitystudio/v2/developer/toolchains/gnu_arm/4.8_2013q4/bin/../lib/gcc/arm-none-eabi/4.8.3/armv6-m\libgcc.a(_thumb1_case_uqi.o)
 .ARM.attributes
                0x0000060f       0x1e c:/siliconlabs/simplicitystudio/v2/developer/toolchains/gnu_arm/4.8_2013q4/bin/../lib/gcc/arm-none-eabi/4.8.3/armv6-m\libgcc.a(_udivsi3.o)
 .ARM.attributes
                0x0000062d       0x1e c:/siliconlabs/simplicitystudio/v2/developer/toolchains/gnu_arm/4.8_2013q4/bin/../lib/gcc/arm-none-eabi/4.8.3/armv6-m\libgcc.a(_divsi3.o)
 .ARM.attributes
                0x0000064b       0x1e c:/siliconlabs/simplicitystudio/v2/developer/toolchains/gnu_arm/4.8_2013q4/bin/../lib/gcc/arm-none-eabi/4.8.3/armv6-m\libgcc.a(_dvmd_tls.o)
 .ARM.attributes
                0x00000669       0x1e c:/siliconlabs/simplicitystudio/v2/developer/toolchains/gnu_arm/4.8_2013q4/bin/../lib/gcc/arm-none-eabi/4.8.3/armv6-m\libgcc.a(_aeabi_uldivmod.o)
 .ARM.attributes
                0x00000687       0x2c c:/siliconlabs/simplicitystudio/v2/developer/toolchains/gnu_arm/4.8_2013q4/bin/../lib/gcc/arm-none-eabi/4.8.3/armv6-m\libgcc.a(_muldi3.o)
 .ARM.attributes
                0x000006b3       0x2c c:/siliconlabs/simplicitystudio/v2/developer/toolchains/gnu_arm/4.8_2013q4/bin/../lib/gcc/arm-none-eabi/4.8.3/armv6-m\libgcc.a(bpabi.o)
 .ARM.attributes
                0x000006df       0x2c c:/siliconlabs/simplicitystudio/v2/developer/toolchains/gnu_arm/4.8_2013q4/bin/../lib/gcc/arm-none-eabi/4.8.3/armv6-m\libgcc.a(_divdi3.o)
 .ARM.attributes
                0x0000070b       0x2c c:/siliconlabs/simplicitystudio/v2/developer/toolchains/gnu_arm/4.8_2013q4/bin/../lib/gcc/arm-none-eabi/4.8.3/armv6-m\libgcc.a(_udivdi3.o)
 .ARM.attributes
                0x00000737       0x1e c:/siliconlabs/simplicitystudio/v2/developer/toolchains/gnu_arm/4.8_2013q4/bin/../lib/gcc/arm-none-eabi/4.8.3/armv6-m\libgcc.a(_clzsi2.o)
 .ARM.attributes
                0x00000755       0x2c c:/siliconlabs/simplicitystudio/v2/developer/toolchains/gnu_arm/4.8_2013q4/bin/../lib/gcc/arm-none-eabi/4.8.3/../../../../arm-none-eabi/lib/armv6-m\libc_s.a(lib_a-exit.o)
 .ARM.attributes
                0x00000781       0x2c c:/siliconlabs/simplicitystudio/v2/developer/toolchains/gnu_arm/4.8_2013q4/bin/../lib/gcc/arm-none-eabi/4.8.3/../../../../arm-none-eabi/lib/armv6-m\libc_s.a(lib_a-impure.o)
 .ARM.attributes
                0x000007ad       0x2c c:/siliconlabs/simplicitystudio/v2/developer/toolchains/gnu_arm/4.8_2013q4/bin/../lib/gcc/arm-none-eabi/4.8.3/../../../../arm-none-eabi/lib/armv6-m\libc_s.a(lib_a-init.o)
 .ARM.attributes
                0x000007d9       0x2c c:/siliconlabs/simplicitystudio/v2/developer/toolchains/gnu_arm/4.8_2013q4/bin/../lib/gcc/arm-none-eabi/4.8.3/../../../../arm-none-eabi/lib/armv6-m\libc_s.a(lib_a-memcpy-stub.o)
 .ARM.attributes
                0x00000805       0x2c c:/siliconlabs/simplicitystudio/v2/developer/toolchains/gnu_arm/4.8_2013q4/bin/../lib/gcc/arm-none-eabi/4.8.3/../../../../arm-none-eabi/lib/armv6-m\libc_s.a(lib_a-memset.o)
 .ARM.attributes
                0x00000831       0x2c c:/siliconlabs/simplicitystudio/v2/developer/toolchains/gnu_arm/4.8_2013q4/bin/../lib/gcc/arm-none-eabi/4.8.3/../../../../arm-none-eabi/lib/armv6-m\libc_s.a(lib_a-strlen.o)
 .ARM.attributes
                0x0000085d       0x2c c:/siliconlabs/simplicitystudio/v2/developer/toolchains/gnu_arm/4.8_2013q4/bin/../lib/gcc/arm-none-eabi/4.8.3/../../../../arm-none-eabi/lib/armv6-m\libnosys.a(_exit.o)
 .ARM.attributes
                0x00000889       0x2c c:/siliconlabs/simplicitystudio/v2/developer/toolchains/gnu_arm/4.8_2013q4/bin/../lib/gcc/arm-none-eabi/4.8.3/armv6-m/crtend.o
 .ARM.attributes
                0x000008b5       0x1e c:/siliconlabs/simplicitystudio/v2/developer/toolchains/gnu_arm/4.8_2013q4/bin/../lib/gcc/arm-none-eabi/4.8.3/armv6-m/crtn.o

.comment        0x00000000       0x70
 .comment       0x00000000       0x70 ./src/background.o
                                 0x71 (size before relaxing)
 .comment       0x00000000       0x71 ./src/graphics.o
 .comment       0x00000000       0x71 ./src/weatherstation.o
 .comment       0x00000000       0x71 ./emlib/em_adc.o
 .comment       0x00000000       0x71 ./emlib/em_cmu.o
 .comment       0x00000000       0x71 ./emlib/em_emu.o
 .comment       0x00000000       0x71 ./emlib/em_gpio.o
 .comment       0x00000000       0x71 ./emlib/em_i2c.o
 .comment       0x00000000       0x71 ./emlib/em_int.o
 .comment       0x00000000       0x71 ./emlib/em_rtc.o
 .comment       0x00000000       0x71 ./emlib/em_usart.o
 .comment       0x00000000       0x71 ./Graphics/dmd_display.o
 .comment       0x00000000       0x71 ./Graphics/glib.o
 .comment       0x00000000       0x71 ./Graphics/glib_font_normal_8x8.o
 .comment       0x00000000       0x71 ./Graphics/glib_line.o
 .comment       0x00000000       0x71 ./Graphics/glib_rectangle.o
 .comment       0x00000000       0x71 ./Graphics/glib_string.o
 .comment       0x00000000       0x71 ./Drivers/display.o
 .comment       0x00000000       0x71 ./Drivers/displayls013b7dh03.o
 .comment       0x00000000       0x71 ./Drivers/displaypalemlib.o
 .comment       0x00000000       0x71 ./Drivers/i2cdrv.o
 .comment       0x00000000       0x71 ./Drivers/rtcdriver.o
 .comment       0x00000000       0x71 ./Drivers/si1147_i2c.o
 .comment       0x00000000       0x71 ./Drivers/si114x_algorithm.o
 .comment       0x00000000       0x71 ./Drivers/si114x_functions.o
 .comment       0x00000000       0x71 ./Drivers/si7013.o
 .comment       0x00000000       0x71 ./Drivers/udelay.o
 .comment       0x00000000       0x71 ./CMSIS/efm32zg/system_efm32zg.o

.debug_info     0x00000000    0x106b8
 .debug_info    0x00000000       0x9e ./src/background.o
 .debug_info    0x0000009e      0xf2c ./src/graphics.o
 .debug_info    0x00000fca     0x1bbb ./src/weatherstation.o
 .debug_info    0x00002b85      0xa70 ./emlib/em_adc.o
 .debug_info    0x000035f5     0x1394 ./emlib/em_cmu.o
 .debug_info    0x00004989      0x5b0 ./emlib/em_emu.o
 .debug_info    0x00004f39      0x56e ./emlib/em_gpio.o
 .debug_info    0x000054a7      0x863 ./emlib/em_i2c.o
 .debug_info    0x00005d0a       0xa0 ./emlib/em_int.o
 .debug_info    0x00005daa      0x362 ./emlib/em_rtc.o
 .debug_info    0x0000610c      0xe83 ./emlib/em_usart.o
 .debug_info    0x00006f8f      0xb2e ./Graphics/dmd_display.o
 .debug_info    0x00007abd      0xaa7 ./Graphics/glib.o
 .debug_info    0x00008564      0x184 ./Graphics/glib_font_normal_8x8.o
 .debug_info    0x000086e8      0x807 ./Graphics/glib_line.o
 .debug_info    0x00008eef      0x61a ./Graphics/glib_rectangle.o
 .debug_info    0x00009509      0x60f ./Graphics/glib_string.o
 .debug_info    0x00009b18      0x4b8 ./Drivers/display.o
 .debug_info    0x00009fd0      0xafe ./Drivers/displayls013b7dh03.o
 .debug_info    0x0000aace      0xd74 ./Drivers/displaypalemlib.o
 .debug_info    0x0000b842      0x8a5 ./Drivers/i2cdrv.o
 .debug_info    0x0000c0e7     0x1156 ./Drivers/rtcdriver.o
 .debug_info    0x0000d23d      0x559 ./Drivers/si1147_i2c.o
 .debug_info    0x0000d796      0xb98 ./Drivers/si114x_algorithm.o
 .debug_info    0x0000e32e      0xc6b ./Drivers/si114x_functions.o
 .debug_info    0x0000ef99      0x4e3 ./Drivers/si7013.o
 .debug_info    0x0000f47c      0xd17 ./Drivers/udelay.o
 .debug_info    0x00010193      0x103 ./CMSIS/efm32zg/startup_efm32zg.o
 .debug_info    0x00010296      0x422 ./CMSIS/efm32zg/system_efm32zg.o

.debug_abbrev   0x00000000     0x3c27
 .debug_abbrev  0x00000000       0x5d ./src/background.o
 .debug_abbrev  0x0000005d      0x29a ./src/graphics.o
 .debug_abbrev  0x000002f7      0x341 ./src/weatherstation.o
 .debug_abbrev  0x00000638      0x251 ./emlib/em_adc.o
 .debug_abbrev  0x00000889      0x3ec ./emlib/em_cmu.o
 .debug_abbrev  0x00000c75      0x201 ./emlib/em_emu.o
 .debug_abbrev  0x00000e76      0x1e2 ./emlib/em_gpio.o
 .debug_abbrev  0x00001058      0x2c3 ./emlib/em_i2c.o
 .debug_abbrev  0x0000131b       0x42 ./emlib/em_int.o
 .debug_abbrev  0x0000135d      0x1e9 ./emlib/em_rtc.o
 .debug_abbrev  0x00001546      0x248 ./emlib/em_usart.o
 .debug_abbrev  0x0000178e      0x250 ./Graphics/dmd_display.o
 .debug_abbrev  0x000019de      0x270 ./Graphics/glib.o
 .debug_abbrev  0x00001c4e       0xa7 ./Graphics/glib_font_normal_8x8.o
 .debug_abbrev  0x00001cf5      0x241 ./Graphics/glib_line.o
 .debug_abbrev  0x00001f36      0x194 ./Graphics/glib_rectangle.o
 .debug_abbrev  0x000020ca      0x13f ./Graphics/glib_string.o
 .debug_abbrev  0x00002209      0x158 ./Drivers/display.o
 .debug_abbrev  0x00002361      0x29b ./Drivers/displayls013b7dh03.o
 .debug_abbrev  0x000025fc      0x2a7 ./Drivers/displaypalemlib.o
 .debug_abbrev  0x000028a3      0x209 ./Drivers/i2cdrv.o
 .debug_abbrev  0x00002aac      0x450 ./Drivers/rtcdriver.o
 .debug_abbrev  0x00002efc      0x175 ./Drivers/si1147_i2c.o
 .debug_abbrev  0x00003071      0x2d4 ./Drivers/si114x_algorithm.o
 .debug_abbrev  0x00003345      0x239 ./Drivers/si114x_functions.o
 .debug_abbrev  0x0000357e      0x1fc ./Drivers/si7013.o
 .debug_abbrev  0x0000377a      0x2f8 ./Drivers/udelay.o
 .debug_abbrev  0x00003a72       0x14 ./CMSIS/efm32zg/startup_efm32zg.o
 .debug_abbrev  0x00003a86      0x1a1 ./CMSIS/efm32zg/system_efm32zg.o

.debug_aranges  0x00000000      0xa68
 .debug_aranges
                0x00000000       0x18 ./src/background.o
 .debug_aranges
                0x00000018       0x38 ./src/graphics.o
 .debug_aranges
                0x00000050      0x168 ./src/weatherstation.o
 .debug_aranges
                0x000001b8       0x48 ./emlib/em_adc.o
 .debug_aranges
                0x00000200       0xf0 ./emlib/em_cmu.o
 .debug_aranges
                0x000002f0       0x48 ./emlib/em_emu.o
 .debug_aranges
                0x00000338       0x38 ./emlib/em_gpio.o
 .debug_aranges
                0x00000370       0x50 ./emlib/em_i2c.o
 .debug_aranges
                0x000003c0       0x18 ./emlib/em_int.o
 .debug_aranges
                0x000003d8       0x50 ./emlib/em_rtc.o
 .debug_aranges
                0x00000428       0xb8 ./emlib/em_usart.o
 .debug_aranges
                0x000004e0       0x88 ./Graphics/dmd_display.o
 .debug_aranges
                0x00000568       0x78 ./Graphics/glib.o
 .debug_aranges
                0x000005e0       0x18 ./Graphics/glib_font_normal_8x8.o
 .debug_aranges
                0x000005f8       0x38 ./Graphics/glib_line.o
 .debug_aranges
                0x00000630       0x38 ./Graphics/glib_rectangle.o
 .debug_aranges
                0x00000668       0x30 ./Graphics/glib_string.o
 .debug_aranges
                0x00000698       0x38 ./Drivers/display.o
 .debug_aranges
                0x000006d0       0x60 ./Drivers/displayls013b7dh03.o
 .debug_aranges
                0x00000730       0x80 ./Drivers/displaypalemlib.o
 .debug_aranges
                0x000007b0       0x28 ./Drivers/i2cdrv.o
 .debug_aranges
                0x000007d8       0x98 ./Drivers/rtcdriver.o
 .debug_aranges
                0x00000870       0x38 ./Drivers/si1147_i2c.o
 .debug_aranges
                0x000008a8       0x48 ./Drivers/si114x_algorithm.o
 .debug_aranges
                0x000008f0       0xa0 ./Drivers/si114x_functions.o
 .debug_aranges
                0x00000990       0x30 ./Drivers/si7013.o
 .debug_aranges
                0x000009c0       0x28 ./Drivers/udelay.o
 .debug_aranges
                0x000009e8       0x20 ./CMSIS/efm32zg/startup_efm32zg.o
 .debug_aranges
                0x00000a08       0x60 ./CMSIS/efm32zg/system_efm32zg.o

.debug_line     0x00000000     0x5caa
 .debug_line    0x00000000       0xa1 ./src/background.o
 .debug_line    0x000000a1      0x3fe ./src/graphics.o
 .debug_line    0x0000049f      0x7e5 ./src/weatherstation.o
 .debug_line    0x00000c84      0x311 ./emlib/em_adc.o
 .debug_line    0x00000f95      0x6be ./emlib/em_cmu.o
 .debug_line    0x00001653      0x344 ./emlib/em_emu.o
 .debug_line    0x00001997      0x257 ./emlib/em_gpio.o
 .debug_line    0x00001bee      0x35e ./emlib/em_i2c.o
 .debug_line    0x00001f4c       0xdb ./emlib/em_int.o
 .debug_line    0x00002027      0x26e ./emlib/em_rtc.o
 .debug_line    0x00002295      0x41d ./emlib/em_usart.o
 .debug_line    0x000026b2      0x50b ./Graphics/dmd_display.o
 .debug_line    0x00002bbd      0x307 ./Graphics/glib.o
 .debug_line    0x00002ec4       0xfb ./Graphics/glib_font_normal_8x8.o
 .debug_line    0x00002fbf      0x2ea ./Graphics/glib_line.o
 .debug_line    0x000032a9      0x22b ./Graphics/glib_rectangle.o
 .debug_line    0x000034d4      0x2f0 ./Graphics/glib_string.o
 .debug_line    0x000037c4      0x247 ./Drivers/display.o
 .debug_line    0x00003a0b      0x332 ./Drivers/displayls013b7dh03.o
 .debug_line    0x00003d3d      0x430 ./Drivers/displaypalemlib.o
 .debug_line    0x0000416d      0x232 ./Drivers/i2cdrv.o
 .debug_line    0x0000439f      0x792 ./Drivers/rtcdriver.o
 .debug_line    0x00004b31      0x245 ./Drivers/si1147_i2c.o
 .debug_line    0x00004d76      0x2f0 ./Drivers/si114x_algorithm.o
 .debug_line    0x00005066      0x3c8 ./Drivers/si114x_functions.o
 .debug_line    0x0000542e      0x223 ./Drivers/si7013.o
 .debug_line    0x00005651      0x34e ./Drivers/udelay.o
 .debug_line    0x0000599f       0xd1 ./CMSIS/efm32zg/startup_efm32zg.o
 .debug_line    0x00005a70      0x23a ./CMSIS/efm32zg/system_efm32zg.o

.debug_str      0x00000000     0x4547
 .debug_str     0x00000000      0x1bd ./src/background.o
                                0x1f1 (size before relaxing)
 .debug_str     0x000001bd      0x387 ./src/graphics.o
                                0x5e0 (size before relaxing)
 .debug_str     0x00000544     0x1597 ./src/weatherstation.o
                               0x1744 (size before relaxing)
 .debug_str     0x00001adb      0x189 ./emlib/em_adc.o
                                0xa22 (size before relaxing)
 .debug_str     0x00001c64      0x604 ./emlib/em_cmu.o
                                0xafb (size before relaxing)
 .debug_str     0x00002268       0xf1 ./emlib/em_emu.o
                                0x3ef (size before relaxing)
 .debug_str     0x00002359      0x12a ./emlib/em_gpio.o
                                0x546 (size before relaxing)
 .debug_str     0x00002483      0x29f ./emlib/em_i2c.o
                                0x6b3 (size before relaxing)
 .debug_str     0x00002722       0x5a ./emlib/em_int.o
                                0x1e3 (size before relaxing)
 .debug_str     0x0000277c       0xf4 ./emlib/em_rtc.o
                                0x2c2 (size before relaxing)
 .debug_str     0x00002870      0x540 ./emlib/em_usart.o
                                0xbd1 (size before relaxing)
 .debug_str     0x00002db0      0x425 ./Graphics/dmd_display.o
                                0x67a (size before relaxing)
 .debug_str     0x000031d5      0x1a1 ./Graphics/glib.o
                                0x5b0 (size before relaxing)
 .debug_str     0x00003376       0x7d ./Graphics/glib_font_normal_8x8.o
                                0x2d8 (size before relaxing)
 .debug_str     0x000033f3       0xe4 ./Graphics/glib_line.o
                                0x4cd (size before relaxing)
 .debug_str     0x000034d7       0xa0 ./Graphics/glib_rectangle.o
                                0x4aa (size before relaxing)
 .debug_str     0x00003577       0xdf ./Graphics/glib_string.o
                                0x4aa (size before relaxing)
 .debug_str     0x00003656      0x121 ./Drivers/display.o
                                0x479 (size before relaxing)
 .debug_str     0x00003777      0x1f4 ./Drivers/displayls013b7dh03.o
                                0x615 (size before relaxing)
 .debug_str     0x0000396b       0xf0 ./Drivers/displaypalemlib.o
                                0xb33 (size before relaxing)
 .debug_str     0x00003a5b       0x7c ./Drivers/i2cdrv.o
                                0x7e8 (size before relaxing)
 .debug_str     0x00003ad7      0x355 ./Drivers/rtcdriver.o
                                0x9dd (size before relaxing)
 .debug_str     0x00003e2c       0xdb ./Drivers/si1147_i2c.o
                                0x3aa (size before relaxing)
 .debug_str     0x00003f07      0x29d ./Drivers/si114x_algorithm.o
                                0x4cc (size before relaxing)
 .debug_str     0x000041a4      0x12c ./Drivers/si114x_functions.o
                                0x47c (size before relaxing)
 .debug_str     0x000042d0       0x8d ./Drivers/si7013.o
                                0x38f (size before relaxing)
 .debug_str     0x0000435d      0x108 ./Drivers/udelay.o
                                0x8f7 (size before relaxing)
 .debug_str     0x00004465       0xe2 ./CMSIS/efm32zg/system_efm32zg.o
                                0x3e4 (size before relaxing)

.debug_loc      0x00000000     0x8cc6
 .debug_loc     0x00000000      0x5f4 ./src/graphics.o
 .debug_loc     0x000005f4      0x8ea ./src/weatherstation.o
 .debug_loc     0x00000ede      0x3bf ./emlib/em_adc.o
 .debug_loc     0x0000129d     0x13ea ./emlib/em_cmu.o
 .debug_loc     0x00002687      0x142 ./emlib/em_emu.o
 .debug_loc     0x000027c9      0x219 ./emlib/em_gpio.o
 .debug_loc     0x000029e2      0x541 ./emlib/em_i2c.o
 .debug_loc     0x00002f23       0xfb ./emlib/em_rtc.o
 .debug_loc     0x0000301e      0x715 ./emlib/em_usart.o
 .debug_loc     0x00003733      0xc4c ./Graphics/dmd_display.o
 .debug_loc     0x0000437f      0x889 ./Graphics/glib.o
 .debug_loc     0x00004c08      0x8dc ./Graphics/glib_line.o
 .debug_loc     0x000054e4      0x4c1 ./Graphics/glib_rectangle.o
 .debug_loc     0x000059a5      0x533 ./Graphics/glib_string.o
 .debug_loc     0x00005ed8      0x250 ./Drivers/display.o
 .debug_loc     0x00006128      0x5cd ./Drivers/displayls013b7dh03.o
 .debug_loc     0x000066f5      0x474 ./Drivers/displaypalemlib.o
 .debug_loc     0x00006b69      0x127 ./Drivers/i2cdrv.o
 .debug_loc     0x00006c90      0x97e ./Drivers/rtcdriver.o
 .debug_loc     0x0000760e      0x334 ./Drivers/si1147_i2c.o
 .debug_loc     0x00007942      0x5de ./Drivers/si114x_algorithm.o
 .debug_loc     0x00007f20      0x7dc ./Drivers/si114x_functions.o
 .debug_loc     0x000086fc      0x228 ./Drivers/si7013.o
 .debug_loc     0x00008924      0x2a6 ./Drivers/udelay.o
 .debug_loc     0x00008bca       0xfc ./CMSIS/efm32zg/system_efm32zg.o

.debug_ranges   0x00000000      0xbe0
 .debug_ranges  0x00000000       0x58 ./src/graphics.o
 .debug_ranges  0x00000058      0x158 ./src/weatherstation.o
 .debug_ranges  0x000001b0       0x60 ./emlib/em_adc.o
 .debug_ranges  0x00000210      0x180 ./emlib/em_cmu.o
 .debug_ranges  0x00000390       0x68 ./emlib/em_emu.o
 .debug_ranges  0x000003f8       0x58 ./emlib/em_gpio.o
 .debug_ranges  0x00000450       0x68 ./emlib/em_i2c.o
 .debug_ranges  0x000004b8       0x58 ./emlib/em_rtc.o
 .debug_ranges  0x00000510       0xa8 ./emlib/em_usart.o
 .debug_ranges  0x000005b8       0xa8 ./Graphics/dmd_display.o
 .debug_ranges  0x00000660       0x80 ./Graphics/glib.o
 .debug_ranges  0x000006e0       0x28 ./Graphics/glib_line.o
 .debug_ranges  0x00000708       0x28 ./Graphics/glib_rectangle.o
 .debug_ranges  0x00000730       0x20 ./Graphics/glib_string.o
 .debug_ranges  0x00000750       0x28 ./Drivers/display.o
 .debug_ranges  0x00000778       0x50 ./Drivers/displayls013b7dh03.o
 .debug_ranges  0x000007c8       0xb8 ./Drivers/displaypalemlib.o
 .debug_ranges  0x00000880       0x18 ./Drivers/i2cdrv.o
 .debug_ranges  0x00000898      0x1a0 ./Drivers/rtcdriver.o
 .debug_ranges  0x00000a38       0x28 ./Drivers/si1147_i2c.o
 .debug_ranges  0x00000a60       0x68 ./Drivers/si114x_algorithm.o
 .debug_ranges  0x00000ac8       0x90 ./Drivers/si114x_functions.o
 .debug_ranges  0x00000b58       0x20 ./Drivers/si7013.o
 .debug_ranges  0x00000b78       0x18 ./Drivers/udelay.o
 .debug_ranges  0x00000b90       0x50 ./CMSIS/efm32zg/system_efm32zg.o

.debug_frame    0x00000000     0x1bf0
 .debug_frame   0x00000000       0x84 ./src/graphics.o
 .debug_frame   0x00000084      0x538 ./src/weatherstation.o
 .debug_frame   0x000005bc       0xac ./emlib/em_adc.o
 .debug_frame   0x00000668      0x244 ./emlib/em_cmu.o
 .debug_frame   0x000008ac       0x90 ./emlib/em_emu.o
 .debug_frame   0x0000093c       0x74 ./emlib/em_gpio.o
 .debug_frame   0x000009b0       0xb8 ./emlib/em_i2c.o
 .debug_frame   0x00000a68       0x88 ./emlib/em_rtc.o
 .debug_frame   0x00000af0      0x1b8 ./emlib/em_usart.o
 .debug_frame   0x00000ca8      0x178 ./Graphics/dmd_display.o
 .debug_frame   0x00000e20      0x160 ./Graphics/glib.o
 .debug_frame   0x00000f80       0x88 ./Graphics/glib_line.o
 .debug_frame   0x00001008       0x7c ./Graphics/glib_rectangle.o
 .debug_frame   0x00001084       0x68 ./Graphics/glib_string.o
 .debug_frame   0x000010ec       0x70 ./Drivers/display.o
 .debug_frame   0x0000115c       0xf8 ./Drivers/displayls013b7dh03.o
 .debug_frame   0x00001254      0x130 ./Drivers/displaypalemlib.o
 .debug_frame   0x00001384       0x40 ./Drivers/i2cdrv.o
 .debug_frame   0x000013c4      0x1b8 ./Drivers/rtcdriver.o
 .debug_frame   0x0000157c       0x7c ./Drivers/si1147_i2c.o
 .debug_frame   0x000015f8       0xbc ./Drivers/si114x_algorithm.o
 .debug_frame   0x000016b4      0x1cc ./Drivers/si114x_functions.o
 .debug_frame   0x00001880       0x64 ./Drivers/si7013.o
 .debug_frame   0x000018e4       0x40 ./Drivers/udelay.o
 .debug_frame   0x00001924       0xb8 ./CMSIS/efm32zg/system_efm32zg.o
 .debug_frame   0x000019dc       0x20 c:/siliconlabs/simplicitystudio/v2/developer/toolchains/gnu_arm/4.8_2013q4/bin/../lib/gcc/arm-none-eabi/4.8.3/armv6-m\libgcc.a(_udivsi3.o)
 .debug_frame   0x000019fc       0x20 c:/siliconlabs/simplicitystudio/v2/developer/toolchains/gnu_arm/4.8_2013q4/bin/../lib/gcc/arm-none-eabi/4.8.3/armv6-m\libgcc.a(_divsi3.o)
 .debug_frame   0x00001a1c       0x30 c:/siliconlabs/simplicitystudio/v2/developer/toolchains/gnu_arm/4.8_2013q4/bin/../lib/gcc/arm-none-eabi/4.8.3/armv6-m\libgcc.a(_muldi3.o)
 .debug_frame   0x00001a4c       0x50 c:/siliconlabs/simplicitystudio/v2/developer/toolchains/gnu_arm/4.8_2013q4/bin/../lib/gcc/arm-none-eabi/4.8.3/armv6-m\libgcc.a(bpabi.o)
 .debug_frame   0x00001a9c       0x3c c:/siliconlabs/simplicitystudio/v2/developer/toolchains/gnu_arm/4.8_2013q4/bin/../lib/gcc/arm-none-eabi/4.8.3/armv6-m\libgcc.a(_divdi3.o)
 .debug_frame   0x00001ad8       0x3c c:/siliconlabs/simplicitystudio/v2/developer/toolchains/gnu_arm/4.8_2013q4/bin/../lib/gcc/arm-none-eabi/4.8.3/armv6-m\libgcc.a(_udivdi3.o)
 .debug_frame   0x00001b14       0x28 c:/siliconlabs/simplicitystudio/v2/developer/toolchains/gnu_arm/4.8_2013q4/bin/../lib/gcc/arm-none-eabi/4.8.3/../../../../arm-none-eabi/lib/armv6-m\libc_s.a(lib_a-exit.o)
 .debug_frame   0x00001b3c       0x2c c:/siliconlabs/simplicitystudio/v2/developer/toolchains/gnu_arm/4.8_2013q4/bin/../lib/gcc/arm-none-eabi/4.8.3/../../../../arm-none-eabi/lib/armv6-m\libc_s.a(lib_a-init.o)
 .debug_frame   0x00001b68       0x28 c:/siliconlabs/simplicitystudio/v2/developer/toolchains/gnu_arm/4.8_2013q4/bin/../lib/gcc/arm-none-eabi/4.8.3/../../../../arm-none-eabi/lib/armv6-m\libc_s.a(lib_a-memcpy-stub.o)
 .debug_frame   0x00001b90       0x20 c:/siliconlabs/simplicitystudio/v2/developer/toolchains/gnu_arm/4.8_2013q4/bin/../lib/gcc/arm-none-eabi/4.8.3/../../../../arm-none-eabi/lib/armv6-m\libc_s.a(lib_a-memset.o)
 .debug_frame   0x00001bb0       0x20 c:/siliconlabs/simplicitystudio/v2/developer/toolchains/gnu_arm/4.8_2013q4/bin/../lib/gcc/arm-none-eabi/4.8.3/../../../../arm-none-eabi/lib/armv6-m\libc_s.a(lib_a-strlen.o)
 .debug_frame   0x00001bd0       0x20 c:/siliconlabs/simplicitystudio/v2/developer/toolchains/gnu_arm/4.8_2013q4/bin/../lib/gcc/arm-none-eabi/4.8.3/../../../../arm-none-eabi/lib/armv6-m\libnosys.a(_exit.o)
