Archive member included because of file (symbol)

c:/siliconlabs/simplicitystudio/v2/developer/toolchains/gnu_arm/4.8_2013q4/bin/../lib/gcc/arm-none-eabi/4.8.3/armv6-m\libgcc.a(_thumb1_case_uqi.o)
                              ./src/graphics.o (__gnu_thumb1_case_uqi)
c:/siliconlabs/simplicitystudio/v2/developer/toolchains/gnu_arm/4.8_2013q4/bin/../lib/gcc/arm-none-eabi/4.8.3/armv6-m\libgcc.a(_udivsi3.o)
                              ./src/graphics.o (__aeabi_uidiv)
c:/siliconlabs/simplicitystudio/v2/developer/toolchains/gnu_arm/4.8_2013q4/bin/../lib/gcc/arm-none-eabi/4.8.3/armv6-m\libgcc.a(_divsi3.o)
                              ./src/graphics.o (__aeabi_idiv)
c:/siliconlabs/simplicitystudio/v2/developer/toolchains/gnu_arm/4.8_2013q4/bin/../lib/gcc/arm-none-eabi/4.8.3/armv6-m\libgcc.a(_dvmd_tls.o)
                              c:/siliconlabs/simplicitystudio/v2/developer/toolchains/gnu_arm/4.8_2013q4/bin/../lib/gcc/arm-none-eabi/4.8.3/armv6-m\libgcc.a(_udivsi3.o) (__aeabi_idiv0)
c:/siliconlabs/simplicitystudio/v2/developer/toolchains/gnu_arm/4.8_2013q4/bin/../lib/gcc/arm-none-eabi/4.8.3/armv6-m\libgcc.a(_aeabi_uldivmod.o)
                              ./Drivers/rtcdriver.o (__aeabi_uldivmod)
c:/siliconlabs/simplicitystudio/v2/developer/toolchains/gnu_arm/4.8_2013q4/bin/../lib/gcc/arm-none-eabi/4.8.3/armv6-m\libgcc.a(_muldi3.o)
                              ./Drivers/rtcdriver.o (__aeabi_lmul)
c:/siliconlabs/simplicitystudio/v2/developer/toolchains/gnu_arm/4.8_2013q4/bin/../lib/gcc/arm-none-eabi/4.8.3/armv6-m\libgcc.a(bpabi.o)
                              c:/siliconlabs/simplicitystudio/v2/developer/toolchains/gnu_arm/4.8_2013q4/bin/../lib/gcc/arm-none-eabi/4.8.3/armv6-m\libgcc.a(_aeabi_uldivmod.o) (__gnu_uldivmod_helper)
c:/siliconlabs/simplicitystudio/v2/developer/toolchains/gnu_arm/4.8_2013q4/bin/../lib/gcc/arm-none-eabi/4.8.3/armv6-m\libgcc.a(_divdi3.o)
                              c:/siliconlabs/simplicitystudio/v2/developer/toolchains/gnu_arm/4.8_2013q4/bin/../lib/gcc/arm-none-eabi/4.8.3/armv6-m\libgcc.a(bpabi.o) (__divdi3)
c:/siliconlabs/simplicitystudio/v2/developer/toolchains/gnu_arm/4.8_2013q4/bin/../lib/gcc/arm-none-eabi/4.8.3/armv6-m\libgcc.a(_udivdi3.o)
                              c:/siliconlabs/simplicitystudio/v2/developer/toolchains/gnu_arm/4.8_2013q4/bin/../lib/gcc/arm-none-eabi/4.8.3/armv6-m\libgcc.a(bpabi.o) (__udivdi3)
c:/siliconlabs/simplicitystudio/v2/developer/toolchains/gnu_arm/4.8_2013q4/bin/../lib/gcc/arm-none-eabi/4.8.3/armv6-m\libgcc.a(_clzsi2.o)
                              c:/siliconlabs/simplicitystudio/v2/developer/toolchains/gnu_arm/4.8_2013q4/bin/../lib/gcc/arm-none-eabi/4.8.3/armv6-m\libgcc.a(_divdi3.o) (__clzsi2)
c:/siliconlabs/simplicitystudio/v2/developer/toolchains/gnu_arm/4.8_2013q4/bin/../lib/gcc/arm-none-eabi/4.8.3/../../../../arm-none-eabi/lib/armv6-m\libc_s.a(lib_a-exit.o)
                              c:/siliconlabs/simplicitystudio/v2/developer/toolchains/gnu_arm/4.8_2013q4/bin/../lib/gcc/arm-none-eabi/4.8.3/../../../../arm-none-eabi/lib/armv6-m/crt0.o (exit)
c:/siliconlabs/simplicitystudio/v2/developer/toolchains/gnu_arm/4.8_2013q4/bin/../lib/gcc/arm-none-eabi/4.8.3/../../../../arm-none-eabi/lib/armv6-m\libc_s.a(lib_a-impure.o)
                              c:/siliconlabs/simplicitystudio/v2/developer/toolchains/gnu_arm/4.8_2013q4/bin/../lib/gcc/arm-none-eabi/4.8.3/../../../../arm-none-eabi/lib/armv6-m\libc_s.a(lib_a-exit.o) (_global_impure_ptr)
c:/siliconlabs/simplicitystudio/v2/developer/toolchains/gnu_arm/4.8_2013q4/bin/../lib/gcc/arm-none-eabi/4.8.3/../../../../arm-none-eabi/lib/armv6-m\libc_s.a(lib_a-init.o)
                              c:/siliconlabs/simplicitystudio/v2/developer/toolchains/gnu_arm/4.8_2013q4/bin/../lib/gcc/arm-none-eabi/4.8.3/../../../../arm-none-eabi/lib/armv6-m/crt0.o (__libc_init_array)
c:/siliconlabs/simplicitystudio/v2/developer/toolchains/gnu_arm/4.8_2013q4/bin/../lib/gcc/arm-none-eabi/4.8.3/../../../../arm-none-eabi/lib/armv6-m\libc_s.a(lib_a-memcpy-stub.o)
                              ./Graphics/dmd_display.o (memcpy)
c:/siliconlabs/simplicitystudio/v2/developer/toolchains/gnu_arm/4.8_2013q4/bin/../lib/gcc/arm-none-eabi/4.8.3/../../../../arm-none-eabi/lib/armv6-m\libc_s.a(lib_a-memset.o)
                              c:/siliconlabs/simplicitystudio/v2/developer/toolchains/gnu_arm/4.8_2013q4/bin/../lib/gcc/arm-none-eabi/4.8.3/../../../../arm-none-eabi/lib/armv6-m/crt0.o (memset)
c:/siliconlabs/simplicitystudio/v2/developer/toolchains/gnu_arm/4.8_2013q4/bin/../lib/gcc/arm-none-eabi/4.8.3/../../../../arm-none-eabi/lib/armv6-m\libc_s.a(lib_a-strlen.o)
                              ./src/graphics.o (strlen)
c:/siliconlabs/simplicitystudio/v2/developer/toolchains/gnu_arm/4.8_2013q4/bin/../lib/gcc/arm-none-eabi/4.8.3/../../../../arm-none-eabi/lib/armv6-m\libnosys.a(_exit.o)
[...]
Memory Configuration

Name             Origin             Length             Attributes
FLASH            0x00000000         0x00008000         xr
RAM              0x20000000         0x00001000         xrw
*default*        0x00000000         0xffffffff

Linker script and memory map

LOAD c:/siliconlabs/simplicitystudio/v2/developer/toolchains/gnu_arm/4.8_2013q4/bin/../lib/gcc/arm-none-eabi/4.8.3/armv6-m/crti.o
LOAD c:/siliconlabs/simplicitystudio/v2/developer/toolchains/gnu_arm/4.8_2013q4/bin/../lib/gcc/arm-none-eabi/4.8.3/armv6-m/crtbegin.o
LOAD c:/siliconlabs/simplicitystudio/v2/developer/toolchains/gnu_arm/4.8_2013q4/bin/../lib/gcc/arm-none-eabi/4.8.3/../../../../arm-none-eabi/lib/armv6-m/crt0.o
LOAD ./src/background.o
LOAD ./src/graphics.o
LOAD ./src/weatherstation.o
LOAD ./emlib/em_adc.o
LOAD ./emlib/em_assert.o
LOAD ./emlib/em_cmu.o
LOAD ./emlib/em_emu.o
LOAD ./emlib/em_gpio.o
LOAD ./emlib/em_i2c.o
LOAD ./emlib/em_int.o
LOAD ./emlib/em_leuart.o
LOAD ./emlib/em_rtc.o
LOAD ./emlib/em_usart.o
LOAD ./Graphics/dmd_display.o
LOAD ./Graphics/glib.o
LOAD ./Graphics/glib_bitmap.o
LOAD ./Graphics/glib_circle.o
LOAD ./Graphics/glib_font_normal_8x8.o
LOAD ./Graphics/glib_line.o
LOAD ./Graphics/glib_rectangle.o
LOAD ./Graphics/glib_string.o
LOAD ./Drivers/display.o
LOAD ./Drivers/displayls013b7dh03.o
LOAD ./Drivers/displaypalemlib.o
LOAD ./Drivers/i2cdrv.o
LOAD ./Drivers/rtcdriver.o
LOAD ./Drivers/si1147_i2c.o
LOAD ./Drivers/si114x_algorithm.o
LOAD ./Drivers/si114x_functions.o
LOAD ./Drivers/si7013.o
LOAD ./Drivers/udelay.o
LOAD ./CMSIS/efm32zg/startup_efm32zg.o
LOAD ./CMSIS/efm32zg/system_efm32zg.o
LOAD ./BSP/bsp_bcc.o
LOAD ./BSP/bsp_stk.o
START GROUP
LOAD c:/siliconlabs/simplicitystudio/v2/developer/toolchains/gnu_arm/4.8_2013q4/bin/../lib/gcc/arm-none-eabi/4.8.3/armv6-m\libgcc.a
LOAD c:/siliconlabs/simplicitystudio/v2/developer/toolchains/gnu_arm/4.8_2013q4/bin/../lib/gcc/arm-none-eabi/4.8.3/../../../../arm-none-eabi/lib/armv6-m\libc_s.a
LOAD c:/siliconlabs/simplicitystudio/v2/developer/toolchains/gnu_arm/4.8_2013q4/bin/../lib/gcc/arm-none-eabi/4.8.3/../../../../arm-none-eabi/lib/armv6-m\libnosys.a
END GROUP
START GROUP
LOAD c:/siliconlabs/simplicitystudio/v2/developer/toolchains/gnu_arm/4.8_2013q4/bin/../lib/gcc/arm-none-eabi/4.8.3/armv6-m\libgcc.a
LOAD c:/siliconlabs/simplicitystudio/v2/developer/toolchains/gnu_arm/4.8_2013q4/bin/../lib/gcc/arm-none-eabi/4.8.3/../../../../arm-none-eabi/lib/armv6-m\libg_s.a
LOAD c:/siliconlabs/simplicitystudio/v2/developer/toolchains/gnu_arm/4.8_2013q4/bin/../lib/gcc/arm-none-eabi/4.8.3/../../../../arm-none-eabi/lib/armv6-m\libc_s.a
END GROUP
START GROUP
LOAD c:/siliconlabs/simplicitystudio/v2/developer/toolchains/gnu_arm/4.8_2013q4/bin/../lib/gcc/arm-none-eabi/4.8.3/armv6-m\libgcc.a
LOAD c:/siliconlabs/simplicitystudio/v2/developer/toolchains/gnu_arm/4.8_2013q4/bin/../lib/gcc/arm-none-eabi/4.8.3/../../../../arm-none-eabi/lib/armv6-m\libc_s.a
END GROUP
LOAD c:/siliconlabs/simplicitystudio/v2/developer/toolchains/gnu_arm/4.8_2013q4/bin/../lib/gcc/arm-none-eabi/4.8.3/armv6-m/crtend.o
LOAD c:/siliconlabs/simplicitystudio/v2/developer/toolchains/gnu_arm/4.8_2013q4/bin/../lib/gcc/arm-none-eabi/4.8.3/armv6-m/crtn.o

.text           0x00000000     0x5fec
 *(.isr_vector)
 .isr_vector    0x00000000      0x100 ./CMSIS/efm32zg/startup_efm32zg.o
                0x00000000                __isr_vector
 *(.text*)
 .text          0x00000100       0x60 c:/siliconlabs/simplicitystudio/v2/developer/toolchains/gnu_arm/4.8_2013q4/bin/../lib/gcc/arm-none-eabi/4.8.3/armv6-m/crtbegin.o
 .text          0x00000160       0x78 c:/siliconlabs/simplicitystudio/v2/developer/toolchains/gnu_arm/4.8_2013q4/bin/../lib/gcc/arm-none-eabi/4.8.3/../../../../arm-none-eabi/lib/armv6-m/crt0.o
                0x00000160                _start
                0x00000160                _mainCRTStartup
 .text.GRAPHICS_CreateString
                0x000001d8       0x6c ./src/graphics.o
 .text.GRAPHICS_Init
                0x00000244       0x34 ./src/graphics.o
                0x00000244                GRAPHICS_Init
 .text.GRAPHICS_ShowStatus
                0x00000278       0xf4 ./src/graphics.o
                0x00000278                GRAPHICS_ShowStatus
 .text.GRAPHICS_Draw
                0x0000036c      0x394 ./src/graphics.o
                0x0000036c                GRAPHICS_Draw
 .text.memLcdCallback
                0x00000700       0x18 ./src/weatherstation.o
 .text.periodicUpdateCallback
                0x00000718       0x14 ./src/weatherstation.o
 .text.msTicksCallback
                0x0000072c       0x10 ./src/weatherstation.o
 .text.disableGestureMode
                0x0000073c       0x44 ./src/weatherstation.o
 .text.handleGestures
                0x00000780       0x9c ./src/weatherstation.o
 .text.animationUpdateCallback
                0x0000081c       0xb4 ./src/weatherstation.o
 .text.startup.main
                0x000008d0      0x32c ./src/weatherstation.o
                0x000008d0                main
 .text.ADC0_IRQHandler
                0x00000bfc       0x18 ./src/weatherstation.o
                0x00000bfc                ADC0_IRQHandler
 .text.GPIO_EVEN_IRQHandler
                0x00000c14       0x68 ./src/weatherstation.o
                0x00000c14                GPIO_EVEN_IRQHandler
 .text.GPIO_ODD_IRQHandler
                0x00000c7c       0x28 ./src/weatherstation.o
                0x00000c7c                GPIO_ODD_IRQHandler
 .text.RtcIntCallbackRegister
                0x00000ca4       0x44 ./src/weatherstation.o
                0x00000ca4                RtcIntCallbackRegister
 .text.ADC_Init
                0x00000ce8       0x3a ./emlib/em_adc.o
                0x00000ce8                ADC_Init
 *fill*         0x00000d22        0x2 
 .text.ADC_InitSingle
                0x00000d24       0xd8 ./emlib/em_adc.o
                0x00000d24                ADC_InitSingle
 .text.CMU_FlashWaitStateMax
                0x00000dfc       0x1c ./emlib/em_cmu.o
 .text.CMU_FlashWaitStateControl
                0x00000e18       0x38 ./emlib/em_cmu.o
 .text.CMU_AUXClkGet
                0x00000e50       0x5c ./emlib/em_cmu.o
 .text.CMU_Sync
                0x00000eac       0x14 ./emlib/em_cmu.o
 .text.CMU_LFClkGet
                0x00000ec0       0x48 ./emlib/em_cmu.o
 .text.CMU_ClockDivGet
                0x00000f08       0x5c ./emlib/em_cmu.o
                0x00000f08                CMU_ClockDivGet
 .text.CMU_ClockDivSet
                0x00000f64       0xd0 ./emlib/em_cmu.o
                0x00000f64                CMU_ClockDivSet
 .text.CMU_ClockEnable
                0x00001034       0x74 ./emlib/em_cmu.o
                0x00001034                CMU_ClockEnable
 .text.CMU_ClockSelectGet
                0x000010a8       0x98 ./emlib/em_cmu.o
                0x000010a8                CMU_ClockSelectGet
 .text.CMU_ClockFreqGet
                0x00001140       0xbc ./emlib/em_cmu.o
                0x00001140                CMU_ClockFreqGet
 .text.CMU_OscillatorEnable
                0x000011fc       0x50 ./emlib/em_cmu.o
                0x000011fc                CMU_OscillatorEnable
 .text.CMU_ClockSelectSet
                0x0000124c       0xdc ./emlib/em_cmu.o
                0x0000124c                CMU_ClockSelectSet
 .text.EMU_Restore
                0x00001328       0x80 ./emlib/em_emu.o
 .text.EMU_EnterEM2
                0x000013a8       0x38 ./emlib/em_emu.o
                0x000013a8                EMU_EnterEM2
 .text.EMU_UpdateOscConfig
                0x000013e0       0x14 ./emlib/em_emu.o
                0x000013e0                EMU_UpdateOscConfig
 .text.GPIO_IntConfig
                0x000013f4       0x88 ./emlib/em_gpio.o
                0x000013f4                GPIO_IntConfig
 .text.GPIO_PinModeSet
                0x0000147c       0x8c ./emlib/em_gpio.o
                0x0000147c                GPIO_PinModeSet
 .text.I2C_BusFreqSet
                0x00001508       0x54 ./emlib/em_i2c.o
                0x00001508                I2C_BusFreqSet
 .text.I2C_Init
                0x0000155c       0x3c ./emlib/em_i2c.o
                0x0000155c                I2C_Init
 .text.I2C_Transfer
                0x00001598      0x230 ./emlib/em_i2c.o
                0x00001598                I2C_Transfer
 .text.I2C_TransferInit
                0x000017c8       0x6c ./emlib/em_i2c.o
                0x000017c8                I2C_TransferInit
 .text.RTC_CompareGet
                0x00001834       0x1c ./emlib/em_rtc.o
                0x00001834                RTC_CompareGet
 .text.RTC_CompareSet
                0x00001850       0x1c ./emlib/em_rtc.o
                0x00001850                RTC_CompareSet
 .text.RTC_Enable
                0x0000186c       0x14 ./emlib/em_rtc.o
                0x0000186c                RTC_Enable
 .text.RTC_FreezeEnable
                0x00001880       0x14 ./emlib/em_rtc.o
                0x00001880                RTC_FreezeEnable
 .text.RTC_Init
                0x00001894       0x20 ./emlib/em_rtc.o
                0x00001894                RTC_Init
 .text.RTC_CounterReset
                0x000018b4       0x10 ./emlib/em_rtc.o
                0x000018b4                RTC_CounterReset
 .text.USART_BaudrateSyncSet
                0x000018c4       0x30 ./emlib/em_usart.o
                0x000018c4                USART_BaudrateSyncSet
 .text.USART_Reset
                0x000018f4       0x3c ./emlib/em_usart.o
                0x000018f4                USART_Reset
 .text.USART_InitSync
                0x00001930       0x5c ./emlib/em_usart.o
                0x00001930                USART_InitSync
 .text.USART_Tx
                0x0000198c        0xa ./emlib/em_usart.o
                0x0000198c                USART_Tx
 .text.USART_TxDouble
                0x00001996        0xa ./emlib/em_usart.o
                0x00001996                USART_TxDouble
 .text.DMD_getDisplayGeometry
                0x000019a0       0x1c ./Graphics/dmd_display.o
                0x000019a0                DMD_getDisplayGeometry
 .text.DMD_setClippingArea
                0x000019bc       0x40 ./Graphics/dmd_display.o
                0x000019bc                DMD_setClippingArea
 .text.DMD_writeData
                0x000019fc      0x170 ./Graphics/dmd_display.o
                0x000019fc                DMD_writeData
 .text.DMD_writeColor
                0x00001b6c      0x15c ./Graphics/dmd_display.o
                0x00001b6c                DMD_writeColor
 .text.DMD_allocateFramebuffer
                0x00001cc8       0x38 ./Graphics/dmd_display.o
                0x00001cc8                DMD_allocateFramebuffer
 .text.DMD_init
                0x00001d00       0x78 ./Graphics/dmd_display.o
                0x00001d00                DMD_init
 .text.DMD_updateDisplay
                0x00001d78       0xa0 ./Graphics/dmd_display.o
                0x00001d78                DMD_updateDisplay
 .text.GLIB_setClippingRegion
                0x00001e18       0x6c ./Graphics/glib.o
                0x00001e18                GLIB_setClippingRegion
 .text.GLIB_contextInit
                0x00001e84       0x54 ./Graphics/glib.o
                0x00001e84                GLIB_contextInit
 .text.GLIB_resetDisplayClippingArea
                0x00001ed8       0x1a ./Graphics/glib.o
                0x00001ed8                GLIB_resetDisplayClippingArea
 .text.GLIB_clear
                0x00001ef2       0x34 ./Graphics/glib.o
                0x00001ef2                GLIB_clear
 .text.GLIB_colorTranslate24bpp
                0x00001f26        0xe ./Graphics/glib.o
                0x00001f26                GLIB_colorTranslate24bpp
 .text.GLIB_drawPixel
                0x00001f34       0x38 ./Graphics/glib.o
                0x00001f34                GLIB_drawPixel
 .text.GLIB_drawPixelColor
                0x00001f6c       0x36 ./Graphics/glib.o
                0x00001f6c                GLIB_drawPixelColor
 .text.GLIB_getClipCode
                0x00001fa2       0x30 ./Graphics/glib_line.o
 .text.GLIB_drawLineH
                0x00001fd2       0x78 ./Graphics/glib_line.o
                0x00001fd2                GLIB_drawLineH
 .text.GLIB_drawLineV
                0x0000204a       0xa4 ./Graphics/glib_line.o
                0x0000204a                GLIB_drawLineV
 .text.GLIB_drawLine
                0x000020ee      0x18a ./Graphics/glib_line.o
                0x000020ee                GLIB_drawLine
 .text.GLIB_rectContainsPoint
                0x00002278       0x2a ./Graphics/glib_rectangle.o
                0x00002278                GLIB_rectContainsPoint
 .text.GLIB_drawChar
                0x000022a2      0x128 ./Graphics/glib_string.o
                0x000022a2                GLIB_drawChar
 .text.GLIB_drawString
                0x000023ca       0x82 ./Graphics/glib_string.o
                0x000023ca                GLIB_drawString
 .text.GLIB_setFont
                0x0000244c       0x20 ./Graphics/glib_string.o
                0x0000244c                GLIB_setFont
 .text.DISPLAY_Init
                0x0000246c       0x2c ./Drivers/display.o
                0x0000246c                DISPLAY_Init
 .text.DISPLAY_DeviceGet
                0x00002498       0x3c ./Drivers/display.o
                0x00002498                DISPLAY_DeviceGet
 .text.DISPLAY_DeviceRegister
                0x000024d4       0x44 ./Drivers/display.o
                0x000024d4                DISPLAY_DeviceRegister
 .text.PixelMatrixAllocate
                0x00002518       0x3c ./Drivers/displayls013b7dh03.o
 .text.PixelMatrixFree
                0x00002554        0x8 ./Drivers/displayls013b7dh03.o
 .text.DriverRefresh
                0x0000255c        0xe ./Drivers/displayls013b7dh03.o
 .text.PixelMatrixClear
                0x0000256a       0x20 ./Drivers/displayls013b7dh03.o
 .text.PixelMatrixDraw
                0x0000258a       0x76 ./Drivers/displayls013b7dh03.o
 .text.DisplayPolarityInverse
                0x00002600        0xe ./Drivers/displayls013b7dh03.o
 .text.DisplayEnable.part.0
                0x0000260e       0x14 ./Drivers/displayls013b7dh03.o
 .text.DisplayEnable
                0x00002622       0x20 ./Drivers/displayls013b7dh03.o
 *fill*         0x00002642        0x2 
 .text.DISPLAY_Ls013b7dh03Init
                0x00002644       0xfc ./Drivers/displayls013b7dh03.o
                0x00002644                DISPLAY_Ls013b7dh03Init
 .text.PAL_SpiInit
                0x00002740       0x44 ./Drivers/displaypalemlib.o
                0x00002740                PAL_SpiInit
 .text.PAL_SpiTransmit
                0x00002784       0x40 ./Drivers/displaypalemlib.o
                0x00002784                PAL_SpiTransmit
 .text.PAL_TimerInit
                0x000027c4        0xa ./Drivers/displaypalemlib.o
                0x000027c4                PAL_TimerInit
 .text.PAL_TimerMicroSecondsDelay
                0x000027ce        0xa ./Drivers/displaypalemlib.o
                0x000027ce                PAL_TimerMicroSecondsDelay
 .text.PAL_TimerRepeat
                0x000027d8       0x14 ./Drivers/displaypalemlib.o
                0x000027d8                PAL_TimerRepeat
 .text.PAL_GpioInit
                0x000027ec       0x14 ./Drivers/displaypalemlib.o
                0x000027ec                PAL_GpioInit
 .text.PAL_GpioPinModeSet
                0x00002800       0x1c ./Drivers/displaypalemlib.o
                0x00002800                PAL_GpioPinModeSet
 .text.PAL_GpioPinOutSet
                0x0000281c       0x1c ./Drivers/displaypalemlib.o
                0x0000281c                PAL_GpioPinOutSet
 .text.PAL_GpioPinOutClear
                0x00002838       0x1c ./Drivers/displaypalemlib.o
                0x00002838                PAL_GpioPinOutClear
 .text.PAL_GpioPinOutToggle
                0x00002854       0x1c ./Drivers/displaypalemlib.o
                0x00002854                PAL_GpioPinOutToggle
 .text.I2CDRV_Init
                0x00002870       0x68 ./Drivers/i2cdrv.o
                0x00002870                I2CDRV_Init
 .text.I2CDRV_Transfer
                0x000028d8       0x2c ./Drivers/i2cdrv.o
                0x000028d8                I2CDRV_Transfer
 .text.INT_Disable
                0x00002904       0x18 ./Drivers/rtcdriver.o
 .text.INT_Enable
                0x0000291c       0x1c ./Drivers/rtcdriver.o
 .text.checkAllTimers
                0x00002938       0xa0 ./Drivers/rtcdriver.o
 .text.executeTimerCallbacks
                0x000029d8       0x28 ./Drivers/rtcdriver.o
 .text.delayTicks.part.0
                0x00002a00       0x20 ./Drivers/rtcdriver.o
 .text.rescheduleRtc
                0x00002a20       0x90 ./Drivers/rtcdriver.o
 .text.RTCDRV_AllocateTimer
                0x00002ab0       0x3c ./Drivers/rtcdriver.o
                0x00002ab0                RTCDRV_AllocateTimer
 *fill*         0x00002aec        0x4 
 .text.RTCDRV_Delay
                0x00002af0       0x68 ./Drivers/rtcdriver.o
                0x00002af0                RTCDRV_Delay
 .text.RTCDRV_Init
                0x00002b58       0x98 ./Drivers/rtcdriver.o
                0x00002b58                RTCDRV_Init
 .text.RTCDRV_StartTimer
                0x00002bf0      0x1d8 ./Drivers/rtcdriver.o
                0x00002bf0                RTCDRV_StartTimer
 .text.RTCDRV_StopTimer
                0x00002dc8       0x40 ./Drivers/rtcdriver.o
                0x00002dc8                RTCDRV_StopTimer
 .text.RTC_IRQHandler
                0x00002e08       0x78 ./Drivers/rtcdriver.o
                0x00002e08                RTC_IRQHandler
 .text.Si1147_Read_Register
                0x00002e80       0x32 ./Drivers/si1147_i2c.o
                0x00002e80                Si1147_Read_Register
 .text.Si1147_Write_Register
                0x00002eb2       0x28 ./Drivers/si1147_i2c.o
                0x00002eb2                Si1147_Write_Register
 .text.Si1147_Write_Block_Register
                0x00002eda       0x3a ./Drivers/si1147_i2c.o
                0x00002eda                Si1147_Write_Block_Register
 .text.Si1147_Detect_Device
                0x00002f14       0x20 ./Drivers/si114x_algorithm.o
                0x00002f14                Si1147_Detect_Device
 .text.Si1147_SetInterruptOutputEnable
                0x00002f34       0x1c ./Drivers/si114x_algorithm.o
                0x00002f34                Si1147_SetInterruptOutputEnable
 .text.Si1147_GetInterruptOutputEnable
                0x00002f50       0x1c ./Drivers/si114x_algorithm.o
                0x00002f50                Si1147_GetInterruptOutputEnable
 .text.Si1147_MeasureUVAndObjectPresent
                0x00002f6c       0x94 ./Drivers/si114x_algorithm.o
                0x00002f6c                Si1147_MeasureUVAndObjectPresent
 .text.Si1147_NewSample
                0x00003000      0x200 ./Drivers/si114x_algorithm.o
                0x00003000                Si1147_NewSample
 .text.Si1147_ConfigureDetection
                0x00003200       0xe4 ./Drivers/si114x_algorithm.o
                0x00003200                Si1147_ConfigureDetection
 .text.Si114xWriteToRegister
                0x000032e4       0x16 ./Drivers/si114x_functions.o
                0x000032e4                Si114xWriteToRegister
 .text.Si114xReadFromRegister
                0x000032fa       0x18 ./Drivers/si114x_functions.o
                0x000032fa                Si114xReadFromRegister
 .text._sendCmd
                0x00003312       0x6e ./Drivers/si114x_functions.o
 .text.Si114xBlockWrite
                0x00003380       0x1a ./Drivers/si114x_functions.o
                0x00003380                Si114xBlockWrite
 .text.delay_10ms
                0x0000339a        0xa ./Drivers/si114x_functions.o
                0x0000339a                delay_10ms
 .text.Si114xNop
                0x000033a4        0xa ./Drivers/si114x_functions.o
                0x000033a4                Si114xNop
 .text.Si114xPsAlsForce
                0x000033ae        0xa ./Drivers/si114x_functions.o
                0x000033ae                Si114xPsAlsForce
 .text.Si114xPsAlsAuto
                0x000033b8        0xa ./Drivers/si114x_functions.o
                0x000033b8                Si114xPsAlsAuto
 .text.Si114xParamSet
                0x000033c2       0x48 ./Drivers/si114x_functions.o
                0x000033c2                Si114xParamSet
 .text.Si114xPauseAll
                0x0000340a       0x3c ./Drivers/si114x_functions.o
                0x0000340a                Si114xPauseAll
 .text.Si114xReset
                0x00003446       0x8a ./Drivers/si114x_functions.o
                0x00003446                Si114xReset
 .text.si114x_get_calibration
                0x000034d0        0x4 ./Drivers/si114x_functions.o
                0x000034d0                si114x_get_calibration
 .text.si114x_set_ucoef
                0x000034d4       0x24 ./Drivers/si114x_functions.o
                0x000034d4                si114x_set_ucoef
 .text.Si7013_Measure.isra.0
                0x000034f8       0x44 ./Drivers/si7013.o
 .text.Si7013_MeasureRHAndTemp
                0x0000353c       0x5c ./Drivers/si7013.o
                0x0000353c                Si7013_MeasureRHAndTemp
 .text.Si7013_Detect
                0x00003598       0x34 ./Drivers/si7013.o
                0x00003598                Si7013_Detect
 .text.UDELAY_Calibrate
                0x000035cc      0x1c0 ./Drivers/udelay.o
                0x000035cc                UDELAY_Calibrate
 .text.UDELAY_Delay
                0x0000378c       0x20 ./Drivers/udelay.o
                0x0000378c                UDELAY_Delay
 .text          0x000037ac       0x60 ./CMSIS/efm32zg/startup_efm32zg.o
                0x000037ac                Reset_Handler
                0x000037dc                Default_Handler
                0x000037de                NMI_Handler
                0x000037e0                HardFault_Handler
                0x000037e2                SVC_Handler
                0x000037e4                PendSV_Handler
                0x000037e6                SysTick_Handler
                0x000037e8                DMA_IRQHandler
                0x000037ec                TIMER0_IRQHandler
                0x000037ee                ACMP0_IRQHandler
                0x000037f2                I2C0_IRQHandler
                0x000037f6                TIMER1_IRQHandler
                0x000037f8                USART1_RX_IRQHandler
                0x000037fa                USART1_TX_IRQHandler
                0x000037fc                LEUART0_IRQHandler
                0x000037fe                PCNT0_IRQHandler
                0x00003802                CMU_IRQHandler
                0x00003804                VCMP_IRQHandler
                0x00003806                MSC_IRQHandler
                0x00003808                AES_IRQHandler
 .text.SystemHFClockGet
                0x0000380c       0x98 ./CMSIS/efm32zg/system_efm32zg.o
                0x0000380c                SystemHFClockGet
 .text.SystemCoreClockGet
                0x000038a4       0x20 ./CMSIS/efm32zg/system_efm32zg.o
                0x000038a4                SystemCoreClockGet
 .text.SystemInit
                0x000038c4        0x2 ./CMSIS/efm32zg/system_efm32zg.o
                0x000038c4                SystemInit
 .text.SystemLFRCOClockGet
                0x000038c6        0x6 ./CMSIS/efm32zg/system_efm32zg.o
                0x000038c6                SystemLFRCOClockGet
 .text.SystemULFRCOClockGet
                0x000038cc        0x6 ./CMSIS/efm32zg/system_efm32zg.o
                0x000038cc                SystemULFRCOClockGet
 *fill*         0x000038d2        0x2 
 .text.SystemLFXOClockGet
                0x000038d4        0xc ./CMSIS/efm32zg/system_efm32zg.o
                0x000038d4                SystemLFXOClockGet
 .text          0x000038e0       0x14 c:/siliconlabs/simplicitystudio/v2/developer/toolchains/gnu_arm/4.8_2013q4/bin/../lib/gcc/arm-none-eabi/4.8.3/armv6-m\libgcc.a(_thumb1_case_uqi.o)
                0x000038e0                __gnu_thumb1_case_uqi
 .text          0x000038f4       0x9c c:/siliconlabs/simplicitystudio/v2/developer/toolchains/gnu_arm/4.8_2013q4/bin/../lib/gcc/arm-none-eabi/4.8.3/armv6-m\libgcc.a(_udivsi3.o)
                0x000038f4                __aeabi_uidiv
                0x000038f4                __udivsi3
                0x0000397c                __aeabi_uidivmod
 .text          0x00003990       0xc0 c:/siliconlabs/simplicitystudio/v2/developer/toolchains/gnu_arm/4.8_2013q4/bin/../lib/gcc/arm-none-eabi/4.8.3/armv6-m\libgcc.a(_divsi3.o)
                0x00003990                __divsi3
                0x00003990                __aeabi_idiv
                0x00003a3c                __aeabi_idivmod
 .text          0x00003a50        0x4 c:/siliconlabs/simplicitystudio/v2/developer/toolchains/gnu_arm/4.8_2013q4/bin/../lib/gcc/arm-none-eabi/4.8.3/armv6-m\libgcc.a(_dvmd_tls.o)
                0x00003a50                __aeabi_idiv0
                0x00003a50                __aeabi_ldiv0
 .text          0x00003a54       0x40 c:/siliconlabs/simplicitystudio/v2/developer/toolchains/gnu_arm/4.8_2013q4/bin/../lib/gcc/arm-none-eabi/4.8.3/armv6-m\libgcc.a(_aeabi_uldivmod.o)
                0x00003a54                __aeabi_uldivmod
 .text          0x00003a94       0x44 c:/siliconlabs/simplicitystudio/v2/developer/toolchains/gnu_arm/4.8_2013q4/bin/../lib/gcc/arm-none-eabi/4.8.3/armv6-m\libgcc.a(_muldi3.o)
                0x00003a94                __muldi3
                0x00003a94                __aeabi_lmul
 .text          0x00003ad8       0x6c c:/siliconlabs/simplicitystudio/v2/developer/toolchains/gnu_arm/4.8_2013q4/bin/../lib/gcc/arm-none-eabi/4.8.3/armv6-m\libgcc.a(bpabi.o)
                0x00003ad8                __gnu_ldivmod_helper
                0x00003b10                __gnu_uldivmod_helper
 .text          0x00003b44      0x3b0 c:/siliconlabs/simplicitystudio/v2/developer/toolchains/gnu_arm/4.8_2013q4/bin/../lib/gcc/arm-none-eabi/4.8.3/armv6-m\libgcc.a(_divdi3.o)
                0x00003b44                __divdi3
 .text          0x00003ef4      0x380 c:/siliconlabs/simplicitystudio/v2/developer/toolchains/gnu_arm/4.8_2013q4/bin/../lib/gcc/arm-none-eabi/4.8.3/armv6-m\libgcc.a(_udivdi3.o)
                0x00003ef4                __udivdi3
 .text          0x00004274       0x3c c:/siliconlabs/simplicitystudio/v2/developer/toolchains/gnu_arm/4.8_2013q4/bin/../lib/gcc/arm-none-eabi/4.8.3/armv6-m\libgcc.a(_clzsi2.o)
                0x00004274                __clzsi2
 .text.exit     0x000042b0       0x2c c:/siliconlabs/simplicitystudio/v2/developer/toolchains/gnu_arm/4.8_2013q4/bin/../lib/gcc/arm-none-eabi/4.8.3/../../../../arm-none-eabi/lib/armv6-m\libc_s.a(lib_a-exit.o)
                0x000042b0                exit
 .text.__libc_init_array
                0x000042dc       0x4c c:/siliconlabs/simplicitystudio/v2/developer/toolchains/gnu_arm/4.8_2013q4/bin/../lib/gcc/arm-none-eabi/4.8.3/../../../../arm-none-eabi/lib/armv6-m\libc_s.a(lib_a-init.o)
                0x000042dc                __libc_init_array
 .text.memcpy   0x00004328       0x12 c:/siliconlabs/simplicitystudio/v2/developer/toolchains/gnu_arm/4.8_2013q4/bin/../lib/gcc/arm-none-eabi/4.8.3/../../../../arm-none-eabi/lib/armv6-m\libc_s.a(lib_a-memcpy-stub.o)
                0x00004328                memcpy
 .text.memset   0x0000433a       0x10 c:/siliconlabs/simplicitystudio/v2/developer/toolchains/gnu_arm/4.8_2013q4/bin/../lib/gcc/arm-none-eabi/4.8.3/../../../../arm-none-eabi/lib/armv6-m\libc_s.a(lib_a-memset.o)
                0x0000433a                memset
 .text.strlen   0x0000434a        0xe c:/siliconlabs/simplicitystudio/v2/developer/toolchains/gnu_arm/4.8_2013q4/bin/../lib/gcc/arm-none-eabi/4.8.3/../../../../arm-none-eabi/lib/armv6-m\libc_s.a(lib_a-strlen.o)
                0x0000434a                strlen
 .text._exit    0x00004358        0x4 c:/siliconlabs/simplicitystudio/v2/developer/toolchains/gnu_arm/4.8_2013q4/bin/../lib/gcc/arm-none-eabi/4.8.3/../../../../arm-none-eabi/lib/armv6-m\libnosys.a(_exit.o)
                0x00004358                _exit
 *(.init)
 .init          0x0000435c        0x4 c:/siliconlabs/simplicitystudio/v2/developer/toolchains/gnu_arm/4.8_2013q4/bin/../lib/gcc/arm-none-eabi/4.8.3/armv6-m/crti.o
                0x0000435c                _init
 .init          0x00004360        0x8 c:/siliconlabs/simplicitystudio/v2/developer/toolchains/gnu_arm/4.8_2013q4/bin/../lib/gcc/arm-none-eabi/4.8.3/armv6-m/crtn.o
 *(.fini)
 .fini          0x00004368        0x4 c:/siliconlabs/simplicitystudio/v2/developer/toolchains/gnu_arm/4.8_2013q4/bin/../lib/gcc/arm-none-eabi/4.8.3/armv6-m/crti.o
                0x00004368                _fini
 .fini          0x0000436c        0x8 c:/siliconlabs/simplicitystudio/v2/developer/toolchains/gnu_arm/4.8_2013q4/bin/../lib/gcc/arm-none-eabi/4.8.3/armv6-m/crtn.o
 *crtbegin.o(.ctors)
 *crtbegin?.o(.ctors)
 *(EXCLUDE_FILE(*crtend.o *crtend?.o) .ctors)
 *(SORT(.ctors.*))
 *(.ctors)
 *crtbegin.o(.dtors)
 *crtbegin?.o(.dtors)
 *(EXCLUDE_FILE(*crtend.o *crtend?.o) .dtors)
 *(SORT(.dtors.*))
 *(.dtors)
 *(.rodata*)
 .rodata.background
                0x00004374     0x1800 ./src/background.o
                0x00004374                background
 .rodata.str1.1
                0x00005b74       0xbd ./src/graphics.o
                                 0xbf (size before relaxing)
 .rodata.sinLUT
                0x00005c31       0x32 ./src/graphics.o
 *fill*         0x00005c63        0x1 
 .rodata        0x00005c64       0x10 ./src/weatherstation.o
 .rodata.i2cNSum
                0x00005c74        0x4 ./emlib/em_i2c.o
 .rodata.GLIB_FontNormal8x8
                0x00005c78       0x10 ./Graphics/glib_font_normal_8x8.o
                0x00005c78                GLIB_FontNormal8x8
 .rodata.GLIB_FontNormal8x8PixMap
                0x00005c88      0x320 ./Graphics/glib_font_normal_8x8.o
 .rodata.str1.1
                0x00005fa8       0x15 ./Drivers/displayls013b7dh03.o
 *fill*         0x00005fbd        0x3 
 .rodata        0x00005fc0       0x18 ./Drivers/displaypalemlib.o
 .rodata.initRTC
                0x00005fd8        0x3 ./Drivers/rtcdriver.o
 .rodata        0x00005fdb        0x4 ./Drivers/si114x_functions.o
 .rodata        0x00005fdf        0x3 ./Drivers/udelay.o
 .rodata.str1.1
                0x00000000        0x2 c:/siliconlabs/simplicitystudio/v2/developer/toolchains/gnu_arm/4.8_2013q4/bin/../lib/gcc/arm-none-eabi/4.8.3/../../../../arm-none-eabi/lib/armv6-m\libc_s.a(lib_a-impure.o)
 *fill*         0x00005fe2        0x2 
 .rodata._global_impure_ptr
                0x00005fe4        0x4 c:/siliconlabs/simplicitystudio/v2/developer/toolchains/gnu_arm/4.8_2013q4/bin/../lib/gcc/arm-none-eabi/4.8.3/../../../../arm-none-eabi/lib/armv6-m\libc_s.a(lib_a-impure.o)
                0x00005fe4                _global_impure_ptr
 *(.eh_frame*)
 .eh_frame      0x00005fe8        0x0 c:/siliconlabs/simplicitystudio/v2/developer/toolchains/gnu_arm/4.8_2013q4/bin/../lib/gcc/arm-none-eabi/4.8.3/armv6-m/crtbegin.o
 .eh_frame      0x00005fe8        0x4 c:/siliconlabs/simplicitystudio/v2/developer/toolchains/gnu_arm/4.8_2013q4/bin/../lib/gcc/arm-none-eabi/4.8.3/armv6-m/crtend.o

.glue_7         0x00005fec        0x0
 .glue_7        0x00000000        0x0 linker stubs

.glue_7t        0x00005fec        0x0
 .glue_7t       0x00000000        0x0 linker stubs

.vfp11_veneer   0x00005fec        0x0
 .vfp11_veneer  0x00000000        0x0 linker stubs

.v4_bx          0x00005fec        0x0
 .v4_bx         0x00000000        0x0 linker stubs

.iplt           0x00005fec        0x0
 .iplt          0x00000000        0x0 c:/siliconlabs/simplicitystudio/v2/developer/toolchains/gnu_arm/4.8_2013q4/bin/../lib/gcc/arm-none-eabi/4.8.3/armv6-m/crtbegin.o

.ARM.extab
 *(.ARM.extab* .gnu.linkonce.armextab.*)
                0x00005fec                __exidx_start = .

.ARM.exidx      0x00005fec        0x8
 *(.ARM.exidx* .gnu.linkonce.armexidx.*)
 .ARM.exidx     0x00005fec        0x8 c:/siliconlabs/simplicitystudio/v2/developer/toolchains/gnu_arm/4.8_2013q4/bin/../lib/gcc/arm-none-eabi/4.8.3/../../../../arm-none-eabi/lib/armv6-m/crt0.o
 .ARM.exidx     0x00005ff4        0x0 c:/siliconlabs/simplicitystudio/v2/developer/toolchains/gnu_arm/4.8_2013q4/bin/../lib/gcc/arm-none-eabi/4.8.3/armv6-m\libgcc.a(_divdi3.o)
                                  0x8 (size before relaxing)
 .ARM.exidx     0x00005ff4        0x0 c:/siliconlabs/simplicitystudio/v2/developer/toolchains/gnu_arm/4.8_2013q4/bin/../lib/gcc/arm-none-eabi/4.8.3/armv6-m\libgcc.a(_udivdi3.o)
                                  0x8 (size before relaxing)
                0x00005ff4                __exidx_end = .
                0x00005ff4                __etext = .

.rel.dyn        0x00005ff4        0x0
 .rel.iplt      0x00000000        0x0 c:/siliconlabs/simplicitystudio/v2/developer/toolchains/gnu_arm/4.8_2013q4/bin/../lib/gcc/arm-none-eabi/4.8.3/armv6-m/crtbegin.o

.data           0x20000000       0x88 load address 0x00005ff4
                0x20000000                __data_start__ = .
 *(vtable)
 *(.data*)
 .data.pb0Action
                0x20000000        0x4 ./src/weatherstation.o
 .data.updateMeasurement
                0x20000004        0x1 ./src/weatherstation.o
 .data.updateDisplay
                0x20000005        0x1 ./src/weatherstation.o
 *fill*         0x20000006        0x2 
 .data.pDisplayDeviceDriverInitFunctions
                0x20000008        0x8 ./Drivers/display.o
 .data.pixelMatrixPool
                0x20000010        0x4 ./Drivers/displayls013b7dh03.o
 .data.loops_per_jiffy
                0x20000014        0x4 ./Drivers/udelay.o
                0x20000014                loops_per_jiffy
 .data.SystemLFXOClock
                0x20000018        0x4 ./CMSIS/efm32zg/system_efm32zg.o
 .data.SystemHFXOClock
                0x2000001c        0x4 ./CMSIS/efm32zg/system_efm32zg.o
 .data.impure_data
                0x20000020       0x60 c:/siliconlabs/simplicitystudio/v2/developer/toolchains/gnu_arm/4.8_2013q4/bin/../lib/gcc/arm-none-eabi/4.8.3/../../../../arm-none-eabi/lib/armv6-m\libc_s.a(lib_a-impure.o)
                0x20000080                . = ALIGN (0x4)
 *(.ram)
                0x20000080                . = ALIGN (0x4)
                0x20000080                PROVIDE (__preinit_array_start, .)
 *(.preinit_array)
                0x20000080                PROVIDE (__preinit_array_end, .)
                0x20000080                . = ALIGN (0x4)
                0x20000080                PROVIDE (__init_array_start, .)
 *(SORT(.init_array.*))
 *(.init_array)
 .init_array    0x20000080        0x4 c:/siliconlabs/simplicitystudio/v2/developer/toolchains/gnu_arm/4.8_2013q4/bin/../lib/gcc/arm-none-eabi/4.8.3/armv6-m/crtbegin.o
                0x20000084                PROVIDE (__init_array_end, .)
                0x20000084                . = ALIGN (0x4)
                0x20000084                PROVIDE (__fini_array_start, .)
 *(SORT(.fini_array.*))
 *(.fini_array)
 .fini_array    0x20000084        0x4 c:/siliconlabs/simplicitystudio/v2/developer/toolchains/gnu_arm/4.8_2013q4/bin/../lib/gcc/arm-none-eabi/4.8.3/armv6-m/crtbegin.o
                0x20000088                PROVIDE (__fini_array_end, .)
                0x20000088                . = ALIGN (0x4)
                0x20000088                __data_end__ = .

.jcr            0x20000088        0x0 load address 0x0000607c
 .jcr           0x20000088        0x0 c:/siliconlabs/simplicitystudio/v2/developer/toolchains/gnu_arm/4.8_2013q4/bin/../lib/gcc/arm-none-eabi/4.8.3/armv6-m/crtbegin.o

.igot.plt       0x20000088        0x0 load address 0x0000607c
 .igot.plt      0x00000000        0x0 c:/siliconlabs/simplicitystudio/v2/developer/toolchains/gnu_arm/4.8_2013q4/bin/../lib/gcc/arm-none-eabi/4.8.3/armv6-m/crtbegin.o

.bss            0x20000088      0x9ec load address 0x00006080
                0x20000088                __bss_start__ = .
 *(.bss*)
 .bss           0x20000088       0x1c c:/siliconlabs/simplicitystudio/v2/developer/toolchains/gnu_arm/4.8_2013q4/bin/../lib/gcc/arm-none-eabi/4.8.3/armv6-m/crtbegin.o
 .bss.glibContext
                0x200000a4       0x2c ./src/graphics.o
 .bss.processGestures
                0x200000d0        0x1 ./src/weatherstation.o
 .bss.demoMode  0x200000d1        0x1 ./src/weatherstation.o
 *fill*         0x200000d2        0x2 
 .bss.xoffset   0x200000d4        0x4 ./src/weatherstation.o
 .bss.rtcCallbackArg
                0x200000d8        0x4 ./src/weatherstation.o
 .bss.adcConversionComplete
                0x200000dc        0x1 ./src/weatherstation.o
 *fill*         0x200000dd        0x3 
 .bss.yoffset   0x200000e0        0x4 ./src/weatherstation.o
 .bss.startDemo
                0x200000e4        0x1 ./src/weatherstation.o
 *fill*         0x200000e5        0x3 
 .bss.xinc      0x200000e8        0x4 ./src/weatherstation.o
 .bss.yinc      0x200000ec        0x4 ./src/weatherstation.o
 .bss.rtcCallback
                0x200000f0        0x4 ./src/weatherstation.o
 .bss.cmuStatus
                0x200000f4        0x2 ./emlib/em_emu.o
 *fill*         0x200000f6        0x2 
 .bss.i2cTransfer
                0x200000f8        0xc ./emlib/em_i2c.o
 .bss.INT_LockCnt
                0x20000104        0x4 ./emlib/em_int.o
                0x20000104                INT_LockCnt
 .bss.pixelMatrixBuffer
                0x20000108        0x4 ./Graphics/dmd_display.o
 .bss.displayDevice
                0x2000010c       0x2c ./Graphics/dmd_display.o
 .bss.dimensions
                0x20000138        0xc ./Graphics/dmd_display.o
 .bss.moduleInitialized
                0x20000144        0x1 ./Graphics/dmd_display.o
 *fill*         0x20000145        0x3 
 .bss.devicesRegistered
                0x20000148        0x4 ./Drivers/display.o
 .bss.deviceTable
                0x2000014c       0x2c ./Drivers/display.o
 .bss.moduleInitialized
                0x20000178        0x1 ./Drivers/display.o
 .bss.pixelMatrixPoolBase
                0x20000179      0x800 ./Drivers/displayls013b7dh03.o
 .bss.rtcRunning
                0x20000979        0x1 ./Drivers/rtcdriver.o
 .bss.rtcdrvIsInitialized
                0x2000097a        0x1 ./Drivers/rtcdriver.o
 .bss.inTimerIRQ
                0x2000097b        0x1 ./Drivers/rtcdriver.o
 *fill*         0x2000097c        0x4 
 .bss.timer     0x20000980       0xa0 ./Drivers/rtcdriver.o
 .bss.startTimerNestingLevel
                0x20000a20        0x4 ./Drivers/rtcdriver.o
 .bss.lastStart
                0x20000a24        0x4 ./Drivers/rtcdriver.o
 .bss.si114x_i2c
                0x20000a28        0x8 ./Drivers/si114x_algorithm.o
 .bss.ps_exit_time.7287
                0x20000a30        0xc ./Drivers/si114x_algorithm.o
 .bss.ps_entry_time.7286
                0x20000a3c        0xc ./Drivers/si114x_algorithm.o
 .bss.ps_state.7288
                0x20000a48        0x3 ./Drivers/si114x_algorithm.o
 *(COMMON)
 *fill*         0x20000a4b        0x1 
 COMMON         0x20000a4c       0x14 ./src/weatherstation.o
                0x20000a4c                gestureTimeoutTimerId
                0x20000a50                periodicUpdateTimerId
                0x20000a54                msTicks
                0x20000a58                animationTimerId
                0x20000a5c                millisecondsTimerId
 COMMON         0x20000a60       0x10 ./Graphics/dmd_display.o
                0x20000a60                dirtyRows
 COMMON         0x20000a70        0x4 ./CMSIS/efm32zg/system_efm32zg.o
                0x20000a70                SystemCoreClock
                0x20000a74                __bss_end__ = .

.heap           0x20000a78        0x0
                0x20000a78                __end__ = .
                0x20000a78                end = __end__
                0x20000a78                _end = __end__
 *(.heap*)
 .heap          0x20000a78        0x0 ./CMSIS/efm32zg/startup_efm32zg.o
                0x20000a78                __HeapLimit = .

.stack_dummy    0x20000a78      0x400
 *(.stack)
 .stack         0x20000a78      0x400 ./CMSIS/efm32zg/startup_efm32zg.o
                0x20001000                __StackTop = (ORIGIN (RAM) + 0x1000)
                0x20000c00                __StackLimit = (__StackTop - SIZEOF (.stack_dummy))
                0x20001000                PROVIDE (__stack, __StackTop)
                0x00000001                ASSERT ((__StackLimit >= __HeapLimit), region RAM overflowed with stack)
                0x00000001                ASSERT ((0x8000 >= (__etext + SIZEOF (.data))), FLASH memory overflowed !)
OUTPUT(STK3200_weatherstation.axf elf32-littlearm)

.ARM.attributes
                0x00000000       0x28
 .ARM.attributes
                0x00000000       0x1e c:/siliconlabs/simplicitystudio/v2/developer/toolchains/gnu_arm/4.8_2013q4/bin/../lib/gcc/arm-none-eabi/4.8.3/armv6-m/crti.o
 .ARM.attributes
                0x0000001e       0x2c c:/siliconlabs/simplicitystudio/v2/developer/toolchains/gnu_arm/4.8_2013q4/bin/../lib/gcc/arm-none-eabi/4.8.3/armv6-m/crtbegin.o
 .ARM.attributes
                0x0000004a       0x1b c:/siliconlabs/simplicitystudio/v2/developer/toolchains/gnu_arm/4.8_2013q4/bin/../lib/gcc/arm-none-eabi/4.8.3/../../../../arm-none-eabi/lib/armv6-m/crt0.o
 .ARM.attributes
                0x00000065       0x32 ./src/background.o
 .ARM.attributes
                0x00000097       0x32 ./src/graphics.o
 .ARM.attributes
                0x000000c9       0x32 ./src/weatherstation.o
 .ARM.attributes
                0x000000fb       0x32 ./emlib/em_adc.o
 .ARM.attributes
                0x0000012d       0x32 ./emlib/em_cmu.o
 .ARM.attributes
                0x0000015f       0x32 ./emlib/em_emu.o
 .ARM.attributes
                0x00000191       0x32 ./emlib/em_gpio.o
 .ARM.attributes
                0x000001c3       0x32 ./emlib/em_i2c.o
 .ARM.attributes
                0x000001f5       0x32 ./emlib/em_int.o
 .ARM.attributes
                0x00000227       0x32 ./emlib/em_rtc.o
 .ARM.attributes
                0x00000259       0x32 ./emlib/em_usart.o
 .ARM.attributes
                0x0000028b       0x32 ./Graphics/dmd_display.o
 .ARM.attributes
                0x000002bd       0x32 ./Graphics/glib.o
 .ARM.attributes
                0x000002ef       0x32 ./Graphics/glib_font_normal_8x8.o
 .ARM.attributes
                0x00000321       0x32 ./Graphics/glib_line.o
 .ARM.attributes
                0x00000353       0x32 ./Graphics/glib_rectangle.o
 .ARM.attributes
                0x00000385       0x32 ./Graphics/glib_string.o
 .ARM.attributes
                0x000003b7       0x32 ./Drivers/display.o
 .ARM.attributes
                0x000003e9       0x32 ./Drivers/displayls013b7dh03.o
 .ARM.attributes
                0x0000041b       0x32 ./Drivers/displaypalemlib.o
 .ARM.attributes
                0x0000044d       0x32 ./Drivers/i2cdrv.o
 .ARM.attributes
                0x0000047f       0x32 ./Drivers/rtcdriver.o
 .ARM.attributes
                0x000004b1       0x32 ./Drivers/si1147_i2c.o
 .ARM.attributes
                0x000004e3       0x32 ./Drivers/si114x_algorithm.o
 .ARM.attributes
                0x00000515       0x32 ./Drivers/si114x_functions.o
 .ARM.attributes
                0x00000547       0x32 ./Drivers/si7013.o
 .ARM.attributes
                0x00000579       0x2b ./Drivers/udelay.o
 .ARM.attributes
                0x000005a4       0x1b ./CMSIS/efm32zg/startup_efm32zg.o
 .ARM.attributes
                0x000005bf       0x32 ./CMSIS/efm32zg/system_efm32zg.o
 .ARM.attributes
                0x000005f1       0x1e c:/siliconlabs/simplicitystudio/v2/developer/toolchains/gnu_arm/4.8_2013q4/bin/../lib/gcc/arm-none-eabi/4.8.3/armv6-m\libgcc.a(_thumb1_case_uqi.o)
 .ARM.attributes
                0x0000060f       0x1e c:/siliconlabs/simplicitystudio/v2/developer/toolchains/gnu_arm/4.8_2013q4/bin/../lib/gcc/arm-none-eabi/4.8.3/armv6-m\libgcc.a(_udivsi3.o)
 .ARM.attributes
                0x0000062d       0x1e c:/siliconlabs/simplicitystudio/v2/developer/toolchains/gnu_arm/4.8_2013q4/bin/../lib/gcc/arm-none-eabi/4.8.3/armv6-m\libgcc.a(_divsi3.o)
 .ARM.attributes
                0x0000064b       0x1e c:/siliconlabs/simplicitystudio/v2/developer/toolchains/gnu_arm/4.8_2013q4/bin/../lib/gcc/arm-none-eabi/4.8.3/armv6-m\libgcc.a(_dvmd_tls.o)
 .ARM.attributes
                0x00000669       0x1e c:/siliconlabs/simplicitystudio/v2/developer/toolchains/gnu_arm/4.8_2013q4/bin/../lib/gcc/arm-none-eabi/4.8.3/armv6-m\libgcc.a(_aeabi_uldivmod.o)
 .ARM.attributes
                0x00000687       0x2c c:/siliconlabs/simplicitystudio/v2/developer/toolchains/gnu_arm/4.8_2013q4/bin/../lib/gcc/arm-none-eabi/4.8.3/armv6-m\libgcc.a(_muldi3.o)
 .ARM.attributes
                0x000006b3       0x2c c:/siliconlabs/simplicitystudio/v2/developer/toolchains/gnu_arm/4.8_2013q4/bin/../lib/gcc/arm-none-eabi/4.8.3/armv6-m\libgcc.a(bpabi.o)
 .ARM.attributes
                0x000006df       0x2c c:/siliconlabs/simplicitystudio/v2/developer/toolchains/gnu_arm/4.8_2013q4/bin/../lib/gcc/arm-none-eabi/4.8.3/armv6-m\libgcc.a(_divdi3.o)
 .ARM.attributes
                0x0000070b       0x2c c:/siliconlabs/simplicitystudio/v2/developer/toolchains/gnu_arm/4.8_2013q4/bin/../lib/gcc/arm-none-eabi/4.8.3/armv6-m\libgcc.a(_udivdi3.o)
 .ARM.attributes
                0x00000737       0x1e c:/siliconlabs/simplicitystudio/v2/developer/toolchains/gnu_arm/4.8_2013q4/bin/../lib/gcc/arm-none-eabi/4.8.3/armv6-m\libgcc.a(_clzsi2.o)
 .ARM.attributes
                0x00000755       0x2c c:/siliconlabs/simplicitystudio/v2/developer/toolchains/gnu_arm/4.8_2013q4/bin/../lib/gcc/arm-none-eabi/4.8.3/../../../../arm-none-eabi/lib/armv6-m\libc_s.a(lib_a-exit.o)
 .ARM.attributes
                0x00000781       0x2c c:/siliconlabs/simplicitystudio/v2/developer/toolchains/gnu_arm/4.8_2013q4/bin/../lib/gcc/arm-none-eabi/4.8.3/../../../../arm-none-eabi/lib/armv6-m\libc_s.a(lib_a-impure.o)
 .ARM.attributes
                0x000007ad       0x2c c:/siliconlabs/simplicitystudio/v2/developer/toolchains/gnu_arm/4.8_2013q4/bin/../lib/gcc/arm-none-eabi/4.8.3/../../../../arm-none-eabi/lib/armv6-m\libc_s.a(lib_a-init.o)
 .ARM.attributes
                0x000007d9       0x2c c:/siliconlabs/simplicitystudio/v2/developer/toolchains/gnu_arm/4.8_2013q4/bin/../lib/gcc/arm-none-eabi/4.8.3/../../../../arm-none-eabi/lib/armv6-m\libc_s.a(lib_a-memcpy-stub.o)
 .ARM.attributes
                0x00000805       0x2c c:/siliconlabs/simplicitystudio/v2/developer/toolchains/gnu_arm/4.8_2013q4/bin/../lib/gcc/arm-none-eabi/4.8.3/../../../../arm-none-eabi/lib/armv6-m\libc_s.a(lib_a-memset.o)
 .ARM.attributes
                0x00000831       0x2c c:/siliconlabs/simplicitystudio/v2/developer/toolchains/gnu_arm/4.8_2013q4/bin/../lib/gcc/arm-none-eabi/4.8.3/../../../../arm-none-eabi/lib/armv6-m\libc_s.a(lib_a-strlen.o)
 .ARM.attributes
                0x0000085d       0x2c c:/siliconlabs/simplicitystudio/v2/developer/toolchains/gnu_arm/4.8_2013q4/bin/../lib/gcc/arm-none-eabi/4.8.3/../../../../arm-none-eabi/lib/armv6-m\libnosys.a(_exit.o)
 .ARM.attributes
                0x00000889       0x2c c:/siliconlabs/simplicitystudio/v2/developer/toolchains/gnu_arm/4.8_2013q4/bin/../lib/gcc/arm-none-eabi/4.8.3/armv6-m/crtend.o
 .ARM.attributes
                0x000008b5       0x1e c:/siliconlabs/simplicitystudio/v2/developer/toolchains/gnu_arm/4.8_2013q4/bin/../lib/gcc/arm-none-eabi/4.8.3/armv6-m/crtn.o

.comment        0x00000000       0x70
 .comment       0x00000000       0x70 ./src/background.o
                                 0x71 (size before relaxing)
 .comment       0x00000000       0x71 ./src/graphics.o
 .comment       0x00000000       0x71 ./src/weatherstation.o
 .comment       0x00000000       0x71 ./emlib/em_adc.o
 .comment       0x00000000       0x71 ./emlib/em_cmu.o
 .comment       0x00000000       0x71 ./emlib/em_emu.o
 .comment       0x00000000       0x71 ./emlib/em_gpio.o
 .comment       0x00000000       0x71 ./emlib/em_i2c.o
 .comment       0x00000000       0x71 ./emlib/em_int.o
 .comment       0x00000000       0x71 ./emlib/em_rtc.o
 .comment       0x00000000       0x71 ./emlib/em_usart.o
 .comment       0x00000000       0x71 ./Graphics/dmd_display.o
 .comment       0x00000000       0x71 ./Graphics/glib.o
 .comment       0x00000000       0x71 ./Graphics/glib_font_normal_8x8.o
 .comment       0x00000000       0x71 ./Graphics/glib_line.o
 .comment       0x00000000       0x71 ./Graphics/glib_rectangle.o
 .comment       0x00000000       0x71 ./Graphics/glib_string.o
 .comment       0x00000000       0x71 ./Drivers/display.o
 .comment       0x00000000       0x71 ./Drivers/displayls013b7dh03.o
 .comment       0x00000000       0x71 ./Drivers/displaypalemlib.o
 .comment       0x00000000       0x71 ./Drivers/i2cdrv.o
 .comment       0x00000000       0x71 ./Drivers/rtcdriver.o
 .comment       0x00000000       0x71 ./Drivers/si1147_i2c.o
 .comment       0x00000000       0x71 ./Drivers/si114x_algorithm.o
 .comment       0x00000000       0x71 ./Drivers/si114x_functions.o
 .comment       0x00000000       0x71 ./Drivers/si7013.o
 .comment       0x00000000       0x71 ./Drivers/udelay.o
 .comment       0x00000000       0x71 ./CMSIS/efm32zg/system_efm32zg.o

.debug_info     0x00000000    0x10975
 .debug_info    0x00000000       0x9e ./src/background.o
 .debug_info    0x0000009e      0xf2c ./src/graphics.o
 .debug_info    0x00000fca     0x1e80 ./src/weatherstation.o
 .debug_info    0x00002e4a      0xa70 ./emlib/em_adc.o
 .debug_info    0x000038ba     0x1394 ./emlib/em_cmu.o
 .debug_info    0x00004c4e      0x5b0 ./emlib/em_emu.o
 .debug_info    0x000051fe      0x56e ./emlib/em_gpio.o
 .debug_info    0x0000576c      0x863 ./emlib/em_i2c.o
 .debug_info    0x00005fcf       0xa0 ./emlib/em_int.o
 .debug_info    0x0000606f      0x362 ./emlib/em_rtc.o
 .debug_info    0x000063d1      0xe83 ./emlib/em_usart.o
 .debug_info    0x00007254      0xb2e ./Graphics/dmd_display.o
 .debug_info    0x00007d82      0xaa7 ./Graphics/glib.o
 .debug_info    0x00008829      0x184 ./Graphics/glib_font_normal_8x8.o
 .debug_info    0x000089ad      0x807 ./Graphics/glib_line.o
 .debug_info    0x000091b4      0x61a ./Graphics/glib_rectangle.o
 .debug_info    0x000097ce      0x60f ./Graphics/glib_string.o
 .debug_info    0x00009ddd      0x4b8 ./Drivers/display.o
 .debug_info    0x0000a295      0xafe ./Drivers/displayls013b7dh03.o
 .debug_info    0x0000ad93      0xd74 ./Drivers/displaypalemlib.o
 .debug_info    0x0000bb07      0x8a5 ./Drivers/i2cdrv.o
 .debug_info    0x0000c3ac     0x1156 ./Drivers/rtcdriver.o
 .debug_info    0x0000d502      0x559 ./Drivers/si1147_i2c.o
 .debug_info    0x0000da5b      0xb95 ./Drivers/si114x_algorithm.o
 .debug_info    0x0000e5f0      0xc6b ./Drivers/si114x_functions.o
 .debug_info    0x0000f25b      0x4e3 ./Drivers/si7013.o
 .debug_info    0x0000f73e      0xd17 ./Drivers/udelay.o
 .debug_info    0x00010455       0xfe ./CMSIS/efm32zg/startup_efm32zg.o
 .debug_info    0x00010553      0x422 ./CMSIS/efm32zg/system_efm32zg.o

.debug_abbrev   0x00000000     0x3d91
 .debug_abbrev  0x00000000       0x5d ./src/background.o
 .debug_abbrev  0x0000005d      0x29a ./src/graphics.o
 .debug_abbrev  0x000002f7      0x4c5 ./src/weatherstation.o
 .debug_abbrev  0x000007bc      0x251 ./emlib/em_adc.o
 .debug_abbrev  0x00000a0d      0x3ec ./emlib/em_cmu.o
 .debug_abbrev  0x00000df9      0x201 ./emlib/em_emu.o
 .debug_abbrev  0x00000ffa      0x1e2 ./emlib/em_gpio.o
 .debug_abbrev  0x000011dc      0x2c3 ./emlib/em_i2c.o
 .debug_abbrev  0x0000149f       0x42 ./emlib/em_int.o
 .debug_abbrev  0x000014e1      0x1e9 ./emlib/em_rtc.o
 .debug_abbrev  0x000016ca      0x248 ./emlib/em_usart.o
 .debug_abbrev  0x00001912      0x250 ./Graphics/dmd_display.o
 .debug_abbrev  0x00001b62      0x270 ./Graphics/glib.o
 .debug_abbrev  0x00001dd2       0xa7 ./Graphics/glib_font_normal_8x8.o
 .debug_abbrev  0x00001e79      0x241 ./Graphics/glib_line.o
 .debug_abbrev  0x000020ba      0x194 ./Graphics/glib_rectangle.o
 .debug_abbrev  0x0000224e      0x13f ./Graphics/glib_string.o
 .debug_abbrev  0x0000238d      0x158 ./Drivers/display.o
 .debug_abbrev  0x000024e5      0x29b ./Drivers/displayls013b7dh03.o
 .debug_abbrev  0x00002780      0x2a7 ./Drivers/displaypalemlib.o
 .debug_abbrev  0x00002a27      0x209 ./Drivers/i2cdrv.o
 .debug_abbrev  0x00002c30      0x450 ./Drivers/rtcdriver.o
 .debug_abbrev  0x00003080      0x175 ./Drivers/si1147_i2c.o
 .debug_abbrev  0x000031f5      0x2ba ./Drivers/si114x_algorithm.o
 .debug_abbrev  0x000034af      0x239 ./Drivers/si114x_functions.o
 .debug_abbrev  0x000036e8      0x1fc ./Drivers/si7013.o
 .debug_abbrev  0x000038e4      0x2f8 ./Drivers/udelay.o
 .debug_abbrev  0x00003bdc       0x14 ./CMSIS/efm32zg/startup_efm32zg.o
 .debug_abbrev  0x00003bf0      0x1a1 ./CMSIS/efm32zg/system_efm32zg.o

.debug_aranges  0x00000000      0x970
 .debug_aranges
                0x00000000       0x18 ./src/background.o
 .debug_aranges
                0x00000018       0x38 ./src/graphics.o
 .debug_aranges
                0x00000050       0x70 ./src/weatherstation.o
 .debug_aranges
                0x000000c0       0x48 ./emlib/em_adc.o
 .debug_aranges
                0x00000108       0xf0 ./emlib/em_cmu.o
 .debug_aranges
                0x000001f8       0x48 ./emlib/em_emu.o
 .debug_aranges
                0x00000240       0x38 ./emlib/em_gpio.o
 .debug_aranges
                0x00000278       0x50 ./emlib/em_i2c.o
 .debug_aranges
                0x000002c8       0x18 ./emlib/em_int.o
 .debug_aranges
                0x000002e0       0x50 ./emlib/em_rtc.o
 .debug_aranges
                0x00000330       0xb8 ./emlib/em_usart.o
 .debug_aranges
                0x000003e8       0x88 ./Graphics/dmd_display.o
 .debug_aranges
                0x00000470       0x78 ./Graphics/glib.o
 .debug_aranges
                0x000004e8       0x18 ./Graphics/glib_font_normal_8x8.o
 .debug_aranges
                0x00000500       0x38 ./Graphics/glib_line.o
 .debug_aranges
                0x00000538       0x38 ./Graphics/glib_rectangle.o
 .debug_aranges
                0x00000570       0x30 ./Graphics/glib_string.o
 .debug_aranges
                0x000005a0       0x38 ./Drivers/display.o
 .debug_aranges
                0x000005d8       0x60 ./Drivers/displayls013b7dh03.o
 .debug_aranges
                0x00000638       0x80 ./Drivers/displaypalemlib.o
 .debug_aranges
                0x000006b8       0x28 ./Drivers/i2cdrv.o
 .debug_aranges
                0x000006e0       0x98 ./Drivers/rtcdriver.o
 .debug_aranges
                0x00000778       0x38 ./Drivers/si1147_i2c.o
 .debug_aranges
                0x000007b0       0x48 ./Drivers/si114x_algorithm.o
 .debug_aranges
                0x000007f8       0xa0 ./Drivers/si114x_functions.o
 .debug_aranges
                0x00000898       0x30 ./Drivers/si7013.o
 .debug_aranges
                0x000008c8       0x28 ./Drivers/udelay.o
 .debug_aranges
                0x000008f0       0x20 ./CMSIS/efm32zg/startup_efm32zg.o
 .debug_aranges
                0x00000910       0x60 ./CMSIS/efm32zg/system_efm32zg.o

.debug_line     0x00000000     0x5b3d
 .debug_line    0x00000000       0xa1 ./src/background.o
 .debug_line    0x000000a1      0x3fe ./src/graphics.o
 .debug_line    0x0000049f      0x67a ./src/weatherstation.o
 .debug_line    0x00000b19      0x311 ./emlib/em_adc.o
 .debug_line    0x00000e2a      0x6be ./emlib/em_cmu.o
 .debug_line    0x000014e8      0x344 ./emlib/em_emu.o
 .debug_line    0x0000182c      0x257 ./emlib/em_gpio.o
 .debug_line    0x00001a83      0x35e ./emlib/em_i2c.o
 .debug_line    0x00001de1       0xdb ./emlib/em_int.o
 .debug_line    0x00001ebc      0x26e ./emlib/em_rtc.o
 .debug_line    0x0000212a      0x41d ./emlib/em_usart.o
 .debug_line    0x00002547      0x50b ./Graphics/dmd_display.o
 .debug_line    0x00002a52      0x307 ./Graphics/glib.o
 .debug_line    0x00002d59       0xfb ./Graphics/glib_font_normal_8x8.o
 .debug_line    0x00002e54      0x2ea ./Graphics/glib_line.o
 .debug_line    0x0000313e      0x22b ./Graphics/glib_rectangle.o
 .debug_line    0x00003369      0x2f0 ./Graphics/glib_string.o
 .debug_line    0x00003659      0x247 ./Drivers/display.o
 .debug_line    0x000038a0      0x332 ./Drivers/displayls013b7dh03.o
 .debug_line    0x00003bd2      0x430 ./Drivers/displaypalemlib.o
 .debug_line    0x00004002      0x232 ./Drivers/i2cdrv.o
 .debug_line    0x00004234      0x792 ./Drivers/rtcdriver.o
 .debug_line    0x000049c6      0x245 ./Drivers/si1147_i2c.o
 .debug_line    0x00004c0b      0x2ee ./Drivers/si114x_algorithm.o
 .debug_line    0x00004ef9      0x3c8 ./Drivers/si114x_functions.o
 .debug_line    0x000052c1      0x223 ./Drivers/si7013.o
 .debug_line    0x000054e4      0x34e ./Drivers/udelay.o
 .debug_line    0x00005832       0xd1 ./CMSIS/efm32zg/startup_efm32zg.o
 .debug_line    0x00005903      0x23a ./CMSIS/efm32zg/system_efm32zg.o

.debug_str      0x00000000     0x4340
 .debug_str     0x00000000      0x1b8 ./src/background.o
                                0x1ec (size before relaxing)
 .debug_str     0x000001b8      0x387 ./src/graphics.o
                                0x5db (size before relaxing)
 .debug_str     0x0000053f     0x110e ./src/weatherstation.o
                               0x13b0 (size before relaxing)
 .debug_str     0x0000164d      0x15f ./emlib/em_adc.o
                                0xa22 (size before relaxing)
 .debug_str     0x000017ac      0x6ee ./emlib/em_cmu.o
                                0xafb (size before relaxing)
 .debug_str     0x00001e9a       0xe4 ./emlib/em_emu.o
                                0x3ef (size before relaxing)
 .debug_str     0x00001f7e       0xf9 ./emlib/em_gpio.o
                                0x546 (size before relaxing)
 .debug_str     0x00002077      0x29f ./emlib/em_i2c.o
                                0x6b3 (size before relaxing)
 .debug_str     0x00002316       0x5a ./emlib/em_int.o
                                0x1e3 (size before relaxing)
 .debug_str     0x00002370       0xf4 ./emlib/em_rtc.o
                                0x2c2 (size before relaxing)
 .debug_str     0x00002464      0x870 ./emlib/em_usart.o
                                0xbd1 (size before relaxing)
 .debug_str     0x00002cd4      0x41e ./Graphics/dmd_display.o
                                0x67a (size before relaxing)
 .debug_str     0x000030f2      0x1a1 ./Graphics/glib.o
                                0x5b0 (size before relaxing)
 .debug_str     0x00003293       0x7d ./Graphics/glib_font_normal_8x8.o
                                0x2d8 (size before relaxing)
 .debug_str     0x00003310       0xe4 ./Graphics/glib_line.o
                                0x4cd (size before relaxing)
 .debug_str     0x000033f4       0xa0 ./Graphics/glib_rectangle.o
                                0x4aa (size before relaxing)
 .debug_str     0x00003494       0xdf ./Graphics/glib_string.o
                                0x4aa (size before relaxing)
 .debug_str     0x00003573      0x121 ./Drivers/display.o
                                0x479 (size before relaxing)
 .debug_str     0x00003694      0x1f4 ./Drivers/displayls013b7dh03.o
                                0x610 (size before relaxing)
 .debug_str     0x00003888       0xf0 ./Drivers/displaypalemlib.o
                                0xb2e (size before relaxing)
 .debug_str     0x00003978       0x70 ./Drivers/i2cdrv.o
                                0x7e8 (size before relaxing)
 .debug_str     0x000039e8      0x2e4 ./Drivers/rtcdriver.o
                                0x9dd (size before relaxing)
 .debug_str     0x00003ccc       0xdb ./Drivers/si1147_i2c.o
                                0x3aa (size before relaxing)
 .debug_str     0x00003da7      0x21c ./Drivers/si114x_algorithm.o
                                0x4cc (size before relaxing)
 .debug_str     0x00003fc3      0x12c ./Drivers/si114x_functions.o
                                0x47c (size before relaxing)
 .debug_str     0x000040ef       0x67 ./Drivers/si7013.o
                                0x38f (size before relaxing)
 .debug_str     0x00004156      0x108 ./Drivers/udelay.o
                                0x8f7 (size before relaxing)
 .debug_str     0x0000425e       0xe2 ./CMSIS/efm32zg/system_efm32zg.o
                                0x3e4 (size before relaxing)

.debug_loc      0x00000000     0x8879
 .debug_loc     0x00000000      0x5f4 ./src/graphics.o
 .debug_loc     0x000005f4      0x49d ./src/weatherstation.o
 .debug_loc     0x00000a91      0x3bf ./emlib/em_adc.o
 .debug_loc     0x00000e50     0x13ea ./emlib/em_cmu.o
 .debug_loc     0x0000223a      0x142 ./emlib/em_emu.o
 .debug_loc     0x0000237c      0x219 ./emlib/em_gpio.o
 .debug_loc     0x00002595      0x541 ./emlib/em_i2c.o
 .debug_loc     0x00002ad6       0xfb ./emlib/em_rtc.o
 .debug_loc     0x00002bd1      0x715 ./emlib/em_usart.o
 .debug_loc     0x000032e6      0xc4c ./Graphics/dmd_display.o
 .debug_loc     0x00003f32      0x889 ./Graphics/glib.o
 .debug_loc     0x000047bb      0x8dc ./Graphics/glib_line.o
 .debug_loc     0x00005097      0x4c1 ./Graphics/glib_rectangle.o
 .debug_loc     0x00005558      0x533 ./Graphics/glib_string.o
 .debug_loc     0x00005a8b      0x250 ./Drivers/display.o
 .debug_loc     0x00005cdb      0x5cd ./Drivers/displayls013b7dh03.o
 .debug_loc     0x000062a8      0x474 ./Drivers/displaypalemlib.o
 .debug_loc     0x0000671c      0x127 ./Drivers/i2cdrv.o
 .debug_loc     0x00006843      0x97e ./Drivers/rtcdriver.o
 .debug_loc     0x000071c1      0x334 ./Drivers/si1147_i2c.o
 .debug_loc     0x000074f5      0x5de ./Drivers/si114x_algorithm.o
 .debug_loc     0x00007ad3      0x7dc ./Drivers/si114x_functions.o
 .debug_loc     0x000082af      0x228 ./Drivers/si7013.o
 .debug_loc     0x000084d7      0x2a6 ./Drivers/udelay.o
 .debug_loc     0x0000877d       0xfc ./CMSIS/efm32zg/system_efm32zg.o

.debug_ranges   0x00000000      0xb98
 .debug_ranges  0x00000000       0x58 ./src/graphics.o
 .debug_ranges  0x00000058      0x110 ./src/weatherstation.o
 .debug_ranges  0x00000168       0x60 ./emlib/em_adc.o
 .debug_ranges  0x000001c8      0x180 ./emlib/em_cmu.o
 .debug_ranges  0x00000348       0x68 ./emlib/em_emu.o
 .debug_ranges  0x000003b0       0x58 ./emlib/em_gpio.o
 .debug_ranges  0x00000408       0x68 ./emlib/em_i2c.o
 .debug_ranges  0x00000470       0x58 ./emlib/em_rtc.o
 .debug_ranges  0x000004c8       0xa8 ./emlib/em_usart.o
 .debug_ranges  0x00000570       0xa8 ./Graphics/dmd_display.o
 .debug_ranges  0x00000618       0x80 ./Graphics/glib.o
 .debug_ranges  0x00000698       0x28 ./Graphics/glib_line.o
 .debug_ranges  0x000006c0       0x28 ./Graphics/glib_rectangle.o
 .debug_ranges  0x000006e8       0x20 ./Graphics/glib_string.o
 .debug_ranges  0x00000708       0x28 ./Drivers/display.o
 .debug_ranges  0x00000730       0x50 ./Drivers/displayls013b7dh03.o
 .debug_ranges  0x00000780       0xb8 ./Drivers/displaypalemlib.o
 .debug_ranges  0x00000838       0x18 ./Drivers/i2cdrv.o
 .debug_ranges  0x00000850      0x1a0 ./Drivers/rtcdriver.o
 .debug_ranges  0x000009f0       0x28 ./Drivers/si1147_i2c.o
 .debug_ranges  0x00000a18       0x68 ./Drivers/si114x_algorithm.o
 .debug_ranges  0x00000a80       0x90 ./Drivers/si114x_functions.o
 .debug_ranges  0x00000b10       0x20 ./Drivers/si7013.o
 .debug_ranges  0x00000b30       0x18 ./Drivers/udelay.o
 .debug_ranges  0x00000b48       0x50 ./CMSIS/efm32zg/system_efm32zg.o

.debug_frame    0x00000000     0x17c8
 .debug_frame   0x00000000       0x84 ./src/graphics.o
 .debug_frame   0x00000084      0x110 ./src/weatherstation.o
 .debug_frame   0x00000194       0xac ./emlib/em_adc.o
 .debug_frame   0x00000240      0x244 ./emlib/em_cmu.o
 .debug_frame   0x00000484       0x90 ./emlib/em_emu.o
 .debug_frame   0x00000514       0x74 ./emlib/em_gpio.o
 .debug_frame   0x00000588       0xb8 ./emlib/em_i2c.o
 .debug_frame   0x00000640       0x88 ./emlib/em_rtc.o
 .debug_frame   0x000006c8      0x1b8 ./emlib/em_usart.o
 .debug_frame   0x00000880      0x178 ./Graphics/dmd_display.o
 .debug_frame   0x000009f8      0x160 ./Graphics/glib.o
 .debug_frame   0x00000b58       0x88 ./Graphics/glib_line.o
 .debug_frame   0x00000be0       0x7c ./Graphics/glib_rectangle.o
 .debug_frame   0x00000c5c       0x68 ./Graphics/glib_string.o
 .debug_frame   0x00000cc4       0x70 ./Drivers/display.o
 .debug_frame   0x00000d34       0xf8 ./Drivers/displayls013b7dh03.o
 .debug_frame   0x00000e2c      0x130 ./Drivers/displaypalemlib.o
 .debug_frame   0x00000f5c       0x40 ./Drivers/i2cdrv.o
 .debug_frame   0x00000f9c      0x1b8 ./Drivers/rtcdriver.o
 .debug_frame   0x00001154       0x7c ./Drivers/si1147_i2c.o
 .debug_frame   0x000011d0       0xbc ./Drivers/si114x_algorithm.o
 .debug_frame   0x0000128c      0x1cc ./Drivers/si114x_functions.o
 .debug_frame   0x00001458       0x64 ./Drivers/si7013.o
 .debug_frame   0x000014bc       0x40 ./Drivers/udelay.o
 .debug_frame   0x000014fc       0xb8 ./CMSIS/efm32zg/system_efm32zg.o
 .debug_frame   0x000015b4       0x20 c:/siliconlabs/simplicitystudio/v2/developer/toolchains/gnu_arm/4.8_2013q4/bin/../lib/gcc/arm-none-eabi/4.8.3/armv6-m\libgcc.a(_udivsi3.o)
 .debug_frame   0x000015d4       0x20 c:/siliconlabs/simplicitystudio/v2/developer/toolchains/gnu_arm/4.8_2013q4/bin/../lib/gcc/arm-none-eabi/4.8.3/armv6-m\libgcc.a(_divsi3.o)
 .debug_frame   0x000015f4       0x30 c:/siliconlabs/simplicitystudio/v2/developer/toolchains/gnu_arm/4.8_2013q4/bin/../lib/gcc/arm-none-eabi/4.8.3/armv6-m\libgcc.a(_muldi3.o)
 .debug_frame   0x00001624       0x50 c:/siliconlabs/simplicitystudio/v2/developer/toolchains/gnu_arm/4.8_2013q4/bin/../lib/gcc/arm-none-eabi/4.8.3/armv6-m\libgcc.a(bpabi.o)
 .debug_frame   0x00001674       0x3c c:/siliconlabs/simplicitystudio/v2/developer/toolchains/gnu_arm/4.8_2013q4/bin/../lib/gcc/arm-none-eabi/4.8.3/armv6-m\libgcc.a(_divdi3.o)
 .debug_frame   0x000016b0       0x3c c:/siliconlabs/simplicitystudio/v2/developer/toolchains/gnu_arm/4.8_2013q4/bin/../lib/gcc/arm-none-eabi/4.8.3/armv6-m\libgcc.a(_udivdi3.o)
 .debug_frame   0x000016ec       0x28 c:/siliconlabs/simplicitystudio/v2/developer/toolchains/gnu_arm/4.8_2013q4/bin/../lib/gcc/arm-none-eabi/4.8.3/../../../../arm-none-eabi/lib/armv6-m\libc_s.a(lib_a-exit.o)
 .debug_frame   0x00001714       0x2c c:/siliconlabs/simplicitystudio/v2/developer/toolchains/gnu_arm/4.8_2013q4/bin/../lib/gcc/arm-none-eabi/4.8.3/../../../../arm-none-eabi/lib/armv6-m\libc_s.a(lib_a-init.o)
 .debug_frame   0x00001740       0x28 c:/siliconlabs/simplicitystudio/v2/developer/toolchains/gnu_arm/4.8_2013q4/bin/../lib/gcc/arm-none-eabi/4.8.3/../../../../arm-none-eabi/lib/armv6-m\libc_s.a(lib_a-memcpy-stub.o)
 .debug_frame   0x00001768       0x20 c:/siliconlabs/simplicitystudio/v2/developer/toolchains/gnu_arm/4.8_2013q4/bin/../lib/gcc/arm-none-eabi/4.8.3/../../../../arm-none-eabi/lib/armv6-m\libc_s.a(lib_a-memset.o)
 .debug_frame   0x00001788       0x20 c:/siliconlabs/simplicitystudio/v2/developer/toolchains/gnu_arm/4.8_2013q4/bin/../lib/gcc/arm-none-eabi/4.8.3/../../../../arm-none-eabi/lib/armv6-m\libc_s.a(lib_a-strlen.o)
 .debug_frame   0x000017a8       0x20 c:/siliconlabs/simplicitystudio/v2/developer/toolchains/gnu_arm/4.8_2013q4/bin/../lib/gcc/arm-none-eabi/4.8.3/../../../../arm-none-eabi/lib/armv6-m\libnosys.a(_exit.o)
